Jun  5 11:11:58 localhost systemd: Stopping System Logging Service...
Jun  5 11:11:58 localhost rsyslogd: [origin software="rsyslogd" swVersion="8.24.0" x-pid="22450" x-info="http://www.rsyslog.com"] exiting on signal 15.
Jun  5 11:11:58 localhost systemd: Starting System Logging Service...
Jun  5 11:11:59 localhost rsyslogd: [origin software="rsyslogd" swVersion="8.24.0" x-pid="22479" x-info="http://www.rsyslog.com"] start
Jun  5 11:11:59 localhost systemd: Started System Logging Service.
Jun  5 11:08:37 red-1 kernel: Initializing cgroup subsys cpuset
Jun  5 11:08:37 red-1 kernel: Initializing cgroup subsys cpu
Jun  5 11:08:37 red-1 kernel: Initializing cgroup subsys cpuacct
Jun  5 11:08:37 red-1 kernel: Linux version 3.10.0-957.10.1.el7.x86_64 (mockbuild@x86-040.build.eng.bos.redhat.com) (gcc version 4.8.5 20150623 (Red Hat 4.8.5-36) (GCC) ) #1 SMP Thu Feb 7 07:12:53 UTC 2019
Jun  5 11:08:37 red-1 kernel: Command line: BOOT_IMAGE=/vmlinuz-3.10.0-957.10.1.el7.x86_64 root=/dev/mapper/rhel-root ro crashkernel=auto rd.lvm.lv=rhel/root rd.lvm.lv=rhel/swap rhgb quiet LANG=en_US.UTF-8
Jun  5 11:08:37 red-1 kernel: e820: BIOS-provided physical RAM map:
Jun  5 11:08:37 red-1 kernel: BIOS-e820: [mem 0x0000000000000000-0x000000000009ffff] usable
Jun  5 11:08:37 red-1 kernel: BIOS-e820: [mem 0x00000000000a0000-0x00000000000fffff] reserved
Jun  5 11:08:37 red-1 kernel: BIOS-e820: [mem 0x0000000000100000-0x0000000068db7fff] usable
Jun  5 11:08:37 red-1 kernel: BIOS-e820: [mem 0x0000000068db8000-0x000000006b666fff] reserved
Jun  5 11:08:37 red-1 kernel: BIOS-e820: [mem 0x000000006b667000-0x000000006b837fff] usable
Jun  5 11:08:37 red-1 kernel: BIOS-e820: [mem 0x000000006b838000-0x000000006c214fff] ACPI NVS
Jun  5 11:08:37 red-1 kernel: BIOS-e820: [mem 0x000000006c215000-0x000000006e3befff] reserved
Jun  5 11:08:37 red-1 kernel: BIOS-e820: [mem 0x000000006e3bf000-0x000000006f7fffff] usable
Jun  5 11:08:37 red-1 kernel: BIOS-e820: [mem 0x000000006f800000-0x000000008fffffff] reserved
Jun  5 11:08:37 red-1 kernel: BIOS-e820: [mem 0x00000000fd000000-0x00000000fe7fffff] reserved
Jun  5 11:08:37 red-1 kernel: BIOS-e820: [mem 0x00000000fed20000-0x00000000fed44fff] reserved
Jun  5 11:08:37 red-1 kernel: BIOS-e820: [mem 0x00000000ff000000-0x00000000ffffffff] reserved
Jun  5 11:08:37 red-1 kernel: BIOS-e820: [mem 0x0000000100000000-0x000000087fffffff] usable
Jun  5 11:08:37 red-1 kernel: NX (Execute Disable) protection: active
Jun  5 11:08:37 red-1 kernel: extended physical RAM map:
Jun  5 11:08:37 red-1 kernel: reserve setup_data: [mem 0x0000000000000000-0x000000000009ffff] usable
Jun  5 11:08:37 red-1 kernel: reserve setup_data: [mem 0x00000000000a0000-0x00000000000fffff] reserved
Jun  5 11:08:37 red-1 kernel: reserve setup_data: [mem 0x0000000000100000-0x000000005fcb2017] usable
Jun  5 11:08:37 red-1 kernel: reserve setup_data: [mem 0x000000005fcb2018-0x000000005fce6257] usable
Jun  5 11:08:37 red-1 kernel: reserve setup_data: [mem 0x000000005fce6258-0x000000005fce7017] usable
Jun  5 11:08:37 red-1 kernel: reserve setup_data: [mem 0x000000005fce7018-0x000000005fd1b257] usable
Jun  5 11:08:37 red-1 kernel: reserve setup_data: [mem 0x000000005fd1b258-0x000000005fd1c017] usable
Jun  5 11:08:37 red-1 kernel: reserve setup_data: [mem 0x000000005fd1c018-0x000000005fd24057] usable
Jun  5 11:08:37 red-1 kernel: reserve setup_data: [mem 0x000000005fd24058-0x0000000068db7fff] usable
Jun  5 11:08:37 red-1 kernel: reserve setup_data: [mem 0x0000000068db8000-0x000000006b666fff] reserved
Jun  5 11:08:37 red-1 kernel: reserve setup_data: [mem 0x000000006b667000-0x000000006b837fff] usable
Jun  5 11:08:37 red-1 kernel: reserve setup_data: [mem 0x000000006b838000-0x000000006c214fff] ACPI NVS
Jun  5 11:08:37 red-1 kernel: reserve setup_data: [mem 0x000000006c215000-0x000000006e3befff] reserved
Jun  5 11:08:37 red-1 kernel: reserve setup_data: [mem 0x000000006e3bf000-0x000000006f7fffff] usable
Jun  5 11:08:37 red-1 kernel: reserve setup_data: [mem 0x000000006f800000-0x000000008fffffff] reserved
Jun  5 11:08:37 red-1 kernel: reserve setup_data: [mem 0x00000000fd000000-0x00000000fe7fffff] reserved
Jun  5 11:08:37 red-1 kernel: reserve setup_data: [mem 0x00000000fed20000-0x00000000fed44fff] reserved
Jun  5 11:08:37 red-1 kernel: reserve setup_data: [mem 0x00000000ff000000-0x00000000ffffffff] reserved
Jun  5 11:08:37 red-1 kernel: reserve setup_data: [mem 0x0000000100000000-0x000000087fffffff] usable
Jun  5 11:08:37 red-1 kernel: efi: EFI v2.60 by American Megatrends
Jun  5 11:08:37 red-1 kernel: efi:  ACPI 2.0=0x6b838000  ACPI=0x6b838000  SMBIOS=0x6de7d000  SMBIOS 3.0=0x6de7c000  ESRT=0x66d59598 
Jun  5 11:08:37 red-1 kernel: efi: mem00: type=3, attr=0xf, range=[0x0000000000000000-0x0000000000008000) (0MB)
Jun  5 11:08:37 red-1 kernel: efi: mem01: type=2, attr=0xf, range=[0x0000000000008000-0x0000000000009000) (0MB)
Jun  5 11:08:37 red-1 kernel: efi: mem02: type=7, attr=0xf, range=[0x0000000000009000-0x000000000003f000) (0MB)
Jun  5 11:08:37 red-1 kernel: efi: mem03: type=4, attr=0xf, range=[0x000000000003f000-0x0000000000040000) (0MB)
Jun  5 11:08:37 red-1 kernel: efi: mem04: type=3, attr=0xf, range=[0x0000000000040000-0x00000000000a0000) (0MB)
Jun  5 11:08:37 red-1 kernel: efi: mem05: type=7, attr=0xf, range=[0x0000000000100000-0x0000000001000000) (15MB)
Jun  5 11:08:37 red-1 kernel: efi: mem06: type=2, attr=0xf, range=[0x0000000001000000-0x000000000267a000) (22MB)
Jun  5 11:08:37 red-1 kernel: efi: mem07: type=7, attr=0xf, range=[0x000000000267a000-0x000000003eb87000) (965MB)
Jun  5 11:08:37 red-1 kernel: efi: mem08: type=2, attr=0xf, range=[0x000000003eb87000-0x0000000040000000) (20MB)
Jun  5 11:08:37 red-1 kernel: efi: mem09: type=7, attr=0xf, range=[0x0000000040000000-0x0000000042682000) (38MB)
Jun  5 11:08:37 red-1 kernel: efi: mem10: type=2, attr=0xf, range=[0x0000000042682000-0x000000005a9d0000) (387MB)
Jun  5 11:08:37 red-1 kernel: efi: mem11: type=4, attr=0xf, range=[0x000000005a9d0000-0x000000005aad0000) (1MB)
Jun  5 11:08:37 red-1 kernel: efi: mem12: type=7, attr=0xf, range=[0x000000005aad0000-0x000000005fcb1000) (81MB)
Jun  5 11:08:37 red-1 kernel: efi: mem13: type=2, attr=0xf, range=[0x000000005fcb1000-0x000000005fd25000) (0MB)
Jun  5 11:08:37 red-1 kernel: efi: mem14: type=1, attr=0xf, range=[0x000000005fd25000-0x000000005fe42000) (1MB)
Jun  5 11:08:37 red-1 kernel: efi: mem15: type=2, attr=0xf, range=[0x000000005fe42000-0x000000005ff61000) (1MB)
Jun  5 11:08:37 red-1 kernel: efi: mem16: type=1, attr=0xf, range=[0x000000005ff61000-0x0000000060070000) (1MB)
Jun  5 11:08:37 red-1 kernel: efi: mem17: type=4, attr=0xf, range=[0x0000000060070000-0x000000006834d000) (130MB)
Jun  5 11:08:37 red-1 kernel: efi: mem18: type=7, attr=0xf, range=[0x000000006834d000-0x0000000068562000) (2MB)
Jun  5 11:08:37 red-1 kernel: efi: mem19: type=3, attr=0xf, range=[0x0000000068562000-0x0000000068db8000) (8MB)
Jun  5 11:08:37 red-1 kernel: efi: mem20: type=0, attr=0xf, range=[0x0000000068db8000-0x000000006b667000) (40MB)
Jun  5 11:08:37 red-1 kernel: efi: mem21: type=7, attr=0xf, range=[0x000000006b667000-0x000000006b838000) (1MB)
Jun  5 11:08:37 red-1 kernel: efi: mem22: type=10, attr=0xf, range=[0x000000006b838000-0x000000006c215000) (9MB)
Jun  5 11:08:37 red-1 kernel: efi: mem23: type=6, attr=0x800000000000000f, range=[0x000000006c215000-0x000000006e20c000) (31MB)
Jun  5 11:08:37 red-1 kernel: efi: mem24: type=5, attr=0x800000000000000f, range=[0x000000006e20c000-0x000000006e3bf000) (1MB)
Jun  5 11:08:37 red-1 kernel: efi: mem25: type=4, attr=0xf, range=[0x000000006e3bf000-0x000000006e541000) (1MB)
Jun  5 11:08:37 red-1 kernel: efi: mem26: type=3, attr=0xf, range=[0x000000006e541000-0x000000006e560000) (0MB)
Jun  5 11:08:37 red-1 kernel: efi: mem27: type=4, attr=0xf, range=[0x000000006e560000-0x000000006e590000) (0MB)
Jun  5 11:08:37 red-1 kernel: efi: mem28: type=3, attr=0xf, range=[0x000000006e590000-0x000000006e596000) (0MB)
Jun  5 11:08:37 red-1 kernel: efi: mem29: type=4, attr=0xf, range=[0x000000006e596000-0x000000006e79e000) (2MB)
Jun  5 11:08:37 red-1 kernel: efi: mem30: type=3, attr=0xf, range=[0x000000006e79e000-0x000000006e7aa000) (0MB)
Jun  5 11:08:37 red-1 kernel: efi: mem31: type=4, attr=0xf, range=[0x000000006e7aa000-0x000000006e8e8000) (1MB)
Jun  5 11:08:37 red-1 kernel: efi: mem32: type=3, attr=0xf, range=[0x000000006e8e8000-0x000000006e8f0000) (0MB)
Jun  5 11:08:37 red-1 kernel: efi: mem33: type=4, attr=0xf, range=[0x000000006e8f0000-0x000000006e915000) (0MB)
Jun  5 11:08:37 red-1 kernel: efi: mem34: type=3, attr=0xf, range=[0x000000006e915000-0x000000006e92c000) (0MB)
Jun  5 11:08:37 red-1 kernel: efi: mem35: type=4, attr=0xf, range=[0x000000006e92c000-0x000000006e954000) (0MB)
Jun  5 11:08:37 red-1 kernel: efi: mem36: type=3, attr=0xf, range=[0x000000006e954000-0x000000006e9a4000) (0MB)
Jun  5 11:08:37 red-1 kernel: efi: mem37: type=4, attr=0xf, range=[0x000000006e9a4000-0x000000006e9cc000) (0MB)
Jun  5 11:08:37 red-1 kernel: efi: mem38: type=7, attr=0xf, range=[0x000000006e9cc000-0x000000006f800000) (14MB)
Jun  5 11:08:37 red-1 kernel: efi: mem39: type=7, attr=0xf, range=[0x0000000100000000-0x0000000880000000) (30720MB)
Jun  5 11:08:37 red-1 kernel: efi: mem40: type=0, attr=0x0, range=[0x00000000000a0000-0x0000000000100000) (0MB)
Jun  5 11:08:37 red-1 kernel: efi: mem41: type=0, attr=0x0, range=[0x000000006f800000-0x0000000080000000) (264MB)
Jun  5 11:08:37 red-1 kernel: efi: mem42: type=11, attr=0x8000000000000001, range=[0x0000000080000000-0x0000000090000000) (256MB)
Jun  5 11:08:37 red-1 kernel: efi: mem43: type=11, attr=0x800000000000100d, range=[0x00000000fd000000-0x00000000fe800000) (24MB)
Jun  5 11:08:37 red-1 kernel: efi: mem44: type=11, attr=0x800000000000100d, range=[0x00000000fed20000-0x00000000fed45000) (0MB)
Jun  5 11:08:37 red-1 kernel: efi: mem45: type=11, attr=0x800000000000100d, range=[0x00000000ff000000-0x0000000100000000) (16MB)
Jun  5 11:08:37 red-1 kernel: esrt: Reserving ESRT space from 0x0000000066d59598 to 0x0000000066d595d0.
Jun  5 11:08:37 red-1 kernel: SMBIOS 3.1.1 present.
Jun  5 11:08:37 red-1 kernel: DMI: Supermicro Super Server/X11SDV-12C-TLN2F, BIOS 1.0b 10/08/2018
Jun  5 11:08:37 red-1 kernel: e820: last_pfn = 0x880000 max_arch_pfn = 0x400000000
Jun  5 11:08:37 red-1 kernel: PAT configuration [0-7]: WB  WC  UC- UC  WB  WP  UC- UC  
Jun  5 11:08:37 red-1 kernel: total RAM covered: 32752M
Jun  5 11:08:37 red-1 kernel: Found optimal setting for mtrr clean up
Jun  5 11:08:37 red-1 kernel: gran_size: 64K #011chunk_size: 32G #011num_reg: 4  #011lose cover RAM: 0G
Jun  5 11:08:37 red-1 kernel: e820: last_pfn = 0x6f800 max_arch_pfn = 0x400000000
Jun  5 11:08:37 red-1 kernel: Using GB pages for direct mapping
Jun  5 11:08:37 red-1 kernel: RAMDISK: [mem 0x3eb87000-0x3fffdfff]
Jun  5 11:08:37 red-1 kernel: Early table checksum verification disabled
Jun  5 11:08:37 red-1 kernel: ACPI: RSDP 000000006b838000 00024 (v02 SUPERM)
Jun  5 11:08:37 red-1 kernel: ACPI: XSDT 000000006b8380d0 0011C (v01 SUPERM   SUPERM 01072009 AMI  00010013)
Jun  5 11:08:37 red-1 kernel: ACPI: FACP 000000006b87a920 00114 (v06 SUPERM SMCI--MB 01072009 INTL 20091013)
Jun  5 11:08:37 red-1 kernel: ACPI: DSDT 000000006b838280 4269B (v02 SUPERM SMCI--MB 01072009 INTL 20091013)
Jun  5 11:08:37 red-1 kernel: ACPI: FACS 000000006c213080 00040
Jun  5 11:08:37 red-1 kernel: ACPI: FPDT 000000006b87aa38 00044 (v01                 01072009 AMI  00010013)
Jun  5 11:08:37 red-1 kernel: ACPI: FIDT 000000006b87aa80 0009C (v01 SUPERM SMCI--MB 01072009 AMI  00010013)
Jun  5 11:08:37 red-1 kernel: ACPI: SPMI 000000006b87ab20 00041 (v05 SUPERM SMCI--MB 00000000 AMI. 00000000)
Jun  5 11:08:37 red-1 kernel: ACPI: UEFI 000000006b87ab68 0005C (v01  INTEL RstUefiV 00000000      00000000)
Jun  5 11:08:37 red-1 kernel: ACPI: UEFI 000000006b87abc8 00048 (v01 SUPERM SMCI--MB 01072009      01000013)
Jun  5 11:08:37 red-1 kernel: ACPI: MCFG 000000006b87ac10 0003C (v01 SUPERM SMCI--MB 01072009 MSFT 00000097)
Jun  5 11:08:37 red-1 kernel: ACPI: HPET 000000006b87ac50 00038 (v01 SUPERM SMCI--MB 00000001 INTL 20091013)
Jun  5 11:08:37 red-1 kernel: ACPI: APIC 000000006b87ac88 0071E (v03 SUPERM SMCI--MB 00000000 INTL 20091013)
Jun  5 11:08:37 red-1 kernel: ACPI: MIGT 000000006b87b3a8 00040 (v01 SUPERM SMCI--MB 00000000 INTL 20091013)
Jun  5 11:08:37 red-1 kernel: ACPI: MSCT 000000006b87b3e8 0004E (v01 SUPERM SMCI--MB 00000001 INTL 20091013)
Jun  5 11:08:37 red-1 kernel: ACPI: PCAT 000000006b87b438 00068 (v02 SUPERM SMCI--MB 00000002 INTL 20091013)
Jun  5 11:08:37 red-1 kernel: ACPI: PCCT 000000006b87b4a0 0006E (v01 SUPERM SMCI--MB 00000002 INTL 20091013)
Jun  5 11:08:37 red-1 kernel: ACPI: RASF 000000006b87b510 00030 (v01 SUPERM SMCI--MB 00000001 INTL 20091013)
Jun  5 11:08:37 red-1 kernel: ACPI: SLIT 000000006b87b540 0002D (v01 SUPERM SMCI--MB 00000001 INTL 20091013)
Jun  5 11:08:37 red-1 kernel: ACPI: SRAT 000000006b87b570 00A30 (v03 SUPERM SMCI--MB 00000002 INTL 20091013)
Jun  5 11:08:37 red-1 kernel: ACPI: SVOS 000000006b87bfa0 00032 (v01 SUPERM SMCI--MB 00000000 INTL 20091013)
Jun  5 11:08:37 red-1 kernel: ACPI: WDDT 000000006b87bfd8 00040 (v01 SUPERM SMCI--MB 00000000 INTL 20091013)
Jun  5 11:08:37 red-1 kernel: ACPI: OEM4 000000006b87c018 28A0C (v02  INTEL CPU  CST 00003000 INTL 20140828)
Jun  5 11:08:37 red-1 kernel: ACPI: OEM1 000000006b8a4a28 0A8CC (v02  INTEL CPU EIST 00003000 INTL 20140828)
Jun  5 11:08:37 red-1 kernel: ACPI: SSDT 000000006b8af2f8 0CEB8 (v02  INTEL SSDT  PM 00004000 INTL 20140828)
Jun  5 11:08:37 red-1 kernel: ACPI: SSDT 000000006b8bc1b0 0065B (v02 SUPERM SMCI--MB 00000000 INTL 20091013)
Jun  5 11:08:37 red-1 kernel: ACPI: BGRT 000000006b8bc810 00038 (v01 SUPERM SMCI--MB 01072009 AMI  00010013)
Jun  5 11:08:37 red-1 kernel: ACPI: TPM2 000000006b8bc848 00034 (v04 SUPERM SMCI--MB 00000001 AMI  00000000)
Jun  5 11:08:37 red-1 kernel: ACPI: SSDT 000000006b8bc880 01368 (v02  INTEL SpsNm    00000002 INTL 20140828)
Jun  5 11:08:37 red-1 kernel: ACPI: DMAR 000000006b8bdbe8 00138 (v01 SUPERM SMCI--MB 00000001 INTL 20091013)
Jun  5 11:08:37 red-1 kernel: ACPI: HEST 000000006b8bdd20 000A8 (v01 SUPERM SMCI--MB 00000001 INTL 00000001)
Jun  5 11:08:37 red-1 kernel: ACPI: BERT 000000006b8bddc8 00030 (v01 SUPERM SMCI--MB 00000001 INTL 00000001)
Jun  5 11:08:37 red-1 kernel: ACPI: ERST 000000006b8bddf8 00230 (v01 SUPERM SMCI--MB 00000001 INTL 00000001)
Jun  5 11:08:37 red-1 kernel: ACPI: EINJ 000000006b8be028 00150 (v01 SUPERM SMCI--MB 00000001 INTL 00000001)
Jun  5 11:08:37 red-1 kernel: ACPI: WSMT 000000006b8be178 00028 (v01     Un          01072009 AMI  00010013)
Jun  5 11:08:37 red-1 kernel: SRAT: PXM 0 -> APIC 0x00 -> Node 0
Jun  5 11:08:37 red-1 kernel: SRAT: PXM 0 -> APIC 0x02 -> Node 0
Jun  5 11:08:37 red-1 kernel: SRAT: PXM 0 -> APIC 0x04 -> Node 0
Jun  5 11:08:37 red-1 kernel: SRAT: PXM 0 -> APIC 0x06 -> Node 0
Jun  5 11:08:37 red-1 kernel: SRAT: PXM 0 -> APIC 0x08 -> Node 0
Jun  5 11:08:37 red-1 kernel: SRAT: PXM 0 -> APIC 0x0a -> Node 0
Jun  5 11:08:37 red-1 kernel: SRAT: PXM 0 -> APIC 0x10 -> Node 0
Jun  5 11:08:37 red-1 kernel: SRAT: PXM 0 -> APIC 0x12 -> Node 0
Jun  5 11:08:37 red-1 kernel: SRAT: PXM 0 -> APIC 0x14 -> Node 0
Jun  5 11:08:37 red-1 kernel: SRAT: PXM 0 -> APIC 0x16 -> Node 0
Jun  5 11:08:37 red-1 kernel: SRAT: PXM 0 -> APIC 0x18 -> Node 0
Jun  5 11:08:37 red-1 kernel: SRAT: PXM 0 -> APIC 0x1a -> Node 0
Jun  5 11:08:37 red-1 kernel: SRAT: PXM 0 -> APIC 0x01 -> Node 0
Jun  5 11:08:37 red-1 kernel: SRAT: PXM 0 -> APIC 0x03 -> Node 0
Jun  5 11:08:37 red-1 kernel: SRAT: PXM 0 -> APIC 0x05 -> Node 0
Jun  5 11:08:37 red-1 kernel: SRAT: PXM 0 -> APIC 0x07 -> Node 0
Jun  5 11:08:37 red-1 kernel: SRAT: PXM 0 -> APIC 0x09 -> Node 0
Jun  5 11:08:37 red-1 kernel: SRAT: PXM 0 -> APIC 0x0b -> Node 0
Jun  5 11:08:37 red-1 kernel: SRAT: PXM 0 -> APIC 0x11 -> Node 0
Jun  5 11:08:37 red-1 kernel: SRAT: PXM 0 -> APIC 0x13 -> Node 0
Jun  5 11:08:37 red-1 kernel: SRAT: PXM 0 -> APIC 0x15 -> Node 0
Jun  5 11:08:37 red-1 kernel: SRAT: PXM 0 -> APIC 0x17 -> Node 0
Jun  5 11:08:37 red-1 kernel: SRAT: PXM 0 -> APIC 0x19 -> Node 0
Jun  5 11:08:37 red-1 kernel: SRAT: PXM 0 -> APIC 0x1b -> Node 0
Jun  5 11:08:37 red-1 kernel: SRAT: Node 0 PXM 0 [mem 0x00000000-0x7fffffff]
Jun  5 11:08:37 red-1 kernel: SRAT: Node 0 PXM 0 [mem 0x100000000-0x87fffffff]
Jun  5 11:08:37 red-1 kernel: NUMA: Node 0 [mem 0x00000000-0x7fffffff] + [mem 0x100000000-0x87fffffff] -> [mem 0x00000000-0x87fffffff]
Jun  5 11:08:37 red-1 kernel: NODE_DATA(0) allocated [mem 0x87ffd8000-0x87fffefff]
Jun  5 11:08:37 red-1 kernel: Reserving 162MB of memory at 720MB for crashkernel (System RAM: 32419MB)
Jun  5 11:08:37 red-1 kernel: Zone ranges:
Jun  5 11:08:37 red-1 kernel:  DMA      [mem 0x00001000-0x00ffffff]
Jun  5 11:08:37 red-1 kernel:  DMA32    [mem 0x01000000-0xffffffff]
Jun  5 11:08:37 red-1 kernel:  Normal   [mem 0x100000000-0x87fffffff]
Jun  5 11:08:37 red-1 kernel: Movable zone start for each node
Jun  5 11:08:37 red-1 kernel: Early memory node ranges
Jun  5 11:08:37 red-1 kernel:  node   0: [mem 0x00001000-0x0009ffff]
Jun  5 11:08:37 red-1 kernel:  node   0: [mem 0x00100000-0x68db7fff]
Jun  5 11:08:37 red-1 kernel:  node   0: [mem 0x6b667000-0x6b837fff]
Jun  5 11:08:37 red-1 kernel:  node   0: [mem 0x6e3bf000-0x6f7fffff]
Jun  5 11:08:37 red-1 kernel:  node   0: [mem 0x100000000-0x87fffffff]
Jun  5 11:08:37 red-1 kernel: Initmem setup node 0 [mem 0x00001000-0x87fffffff]
Jun  5 11:08:37 red-1 kernel: ACPI: PM-Timer IO Port: 0x508
Jun  5 11:08:37 red-1 kernel: ACPI: LAPIC (acpi_id[0x00] lapic_id[0x00] enabled)
Jun  5 11:08:37 red-1 kernel: ACPI: LAPIC (acpi_id[0x02] lapic_id[0x02] enabled)
Jun  5 11:08:37 red-1 kernel: ACPI: LAPIC (acpi_id[0x04] lapic_id[0x04] enabled)
Jun  5 11:08:37 red-1 kernel: ACPI: LAPIC (acpi_id[0x06] lapic_id[0x06] enabled)
Jun  5 11:08:37 red-1 kernel: ACPI: LAPIC (acpi_id[0x08] lapic_id[0x08] enabled)
Jun  5 11:08:37 red-1 kernel: ACPI: LAPIC (acpi_id[0x0a] lapic_id[0x0a] enabled)
Jun  5 11:08:37 red-1 kernel: ACPI: LAPIC (acpi_id[0x10] lapic_id[0x10] enabled)
Jun  5 11:08:37 red-1 kernel: ACPI: LAPIC (acpi_id[0x12] lapic_id[0x12] enabled)
Jun  5 11:08:37 red-1 kernel: ACPI: LAPIC (acpi_id[0x14] lapic_id[0x14] enabled)
Jun  5 11:08:37 red-1 kernel: ACPI: LAPIC (acpi_id[0x16] lapic_id[0x16] enabled)
Jun  5 11:08:37 red-1 kernel: ACPI: LAPIC (acpi_id[0x18] lapic_id[0x18] enabled)
Jun  5 11:08:37 red-1 kernel: ACPI: LAPIC (acpi_id[0x1a] lapic_id[0x1a] enabled)
Jun  5 11:08:37 red-1 kernel: ACPI: LAPIC (acpi_id[0x01] lapic_id[0x01] enabled)
Jun  5 11:08:37 red-1 kernel: ACPI: LAPIC (acpi_id[0x03] lapic_id[0x03] enabled)
Jun  5 11:08:37 red-1 kernel: ACPI: LAPIC (acpi_id[0x05] lapic_id[0x05] enabled)
Jun  5 11:08:37 red-1 kernel: ACPI: LAPIC (acpi_id[0x07] lapic_id[0x07] enabled)
Jun  5 11:08:37 red-1 kernel: ACPI: LAPIC (acpi_id[0x09] lapic_id[0x09] enabled)
Jun  5 11:08:37 red-1 kernel: ACPI: LAPIC (acpi_id[0x0b] lapic_id[0x0b] enabled)
Jun  5 11:08:37 red-1 kernel: ACPI: LAPIC (acpi_id[0x11] lapic_id[0x11] enabled)
Jun  5 11:08:37 red-1 kernel: ACPI: LAPIC (acpi_id[0x13] lapic_id[0x13] enabled)
Jun  5 11:08:37 red-1 kernel: ACPI: LAPIC (acpi_id[0x15] lapic_id[0x15] enabled)
Jun  5 11:08:37 red-1 kernel: ACPI: LAPIC (acpi_id[0x17] lapic_id[0x17] enabled)
Jun  5 11:08:37 red-1 kernel: ACPI: LAPIC (acpi_id[0x19] lapic_id[0x19] enabled)
Jun  5 11:08:37 red-1 kernel: ACPI: LAPIC (acpi_id[0x1b] lapic_id[0x1b] enabled)
Jun  5 11:08:37 red-1 kernel: ACPI: LAPIC (acpi_id[0xff] lapic_id[0xff] disabled)
Jun  5 11:08:37 red-1 kernel: ACPI: LAPIC (acpi_id[0xff] lapic_id[0xff] disabled)
Jun  5 11:08:37 red-1 kernel: ACPI: LAPIC (acpi_id[0xff] lapic_id[0xff] disabled)
Jun  5 11:08:37 red-1 kernel: ACPI: LAPIC (acpi_id[0xff] lapic_id[0xff] disabled)
Jun  5 11:08:37 red-1 kernel: ACPI: LAPIC (acpi_id[0xff] lapic_id[0xff] disabled)
Jun  5 11:08:37 red-1 kernel: ACPI: LAPIC (acpi_id[0xff] lapic_id[0xff] disabled)
Jun  5 11:08:37 red-1 kernel: ACPI: LAPIC (acpi_id[0xff] lapic_id[0xff] disabled)
Jun  5 11:08:37 red-1 kernel: ACPI: LAPIC (acpi_id[0xff] lapic_id[0xff] disabled)
Jun  5 11:08:37 red-1 kernel: ACPI: LAPIC (acpi_id[0xff] lapic_id[0xff] disabled)
Jun  5 11:08:37 red-1 kernel: ACPI: LAPIC (acpi_id[0xff] lapic_id[0xff] disabled)
Jun  5 11:08:37 red-1 kernel: ACPI: LAPIC (acpi_id[0xff] lapic_id[0xff] disabled)
Jun  5 11:08:37 red-1 kernel: ACPI: LAPIC (acpi_id[0xff] lapic_id[0xff] disabled)
Jun  5 11:08:37 red-1 kernel: ACPI: LAPIC (acpi_id[0xff] lapic_id[0xff] disabled)
Jun  5 11:08:37 red-1 kernel: ACPI: LAPIC (acpi_id[0xff] lapic_id[0xff] disabled)
Jun  5 11:08:37 red-1 kernel: ACPI: LAPIC (acpi_id[0xff] lapic_id[0xff] disabled)
Jun  5 11:08:37 red-1 kernel: ACPI: LAPIC (acpi_id[0xff] lapic_id[0xff] disabled)
Jun  5 11:08:37 red-1 kernel: ACPI: LAPIC (acpi_id[0xff] lapic_id[0xff] disabled)
Jun  5 11:08:37 red-1 kernel: ACPI: LAPIC (acpi_id[0xff] lapic_id[0xff] disabled)
Jun  5 11:08:37 red-1 kernel: ACPI: LAPIC (acpi_id[0xff] lapic_id[0xff] disabled)
Jun  5 11:08:37 red-1 kernel: ACPI: LAPIC (acpi_id[0xff] lapic_id[0xff] disabled)
Jun  5 11:08:37 red-1 kernel: ACPI: LAPIC (acpi_id[0xff] lapic_id[0xff] disabled)
Jun  5 11:08:37 red-1 kernel: ACPI: LAPIC (acpi_id[0xff] lapic_id[0xff] disabled)
Jun  5 11:08:37 red-1 kernel: ACPI: LAPIC (acpi_id[0xff] lapic_id[0xff] disabled)
Jun  5 11:08:37 red-1 kernel: ACPI: LAPIC (acpi_id[0xff] lapic_id[0xff] disabled)
Jun  5 11:08:37 red-1 kernel: ACPI: LAPIC (acpi_id[0xff] lapic_id[0xff] disabled)
Jun  5 11:08:37 red-1 kernel: ACPI: LAPIC (acpi_id[0xff] lapic_id[0xff] disabled)
Jun  5 11:08:37 red-1 kernel: ACPI: LAPIC (acpi_id[0xff] lapic_id[0xff] disabled)
Jun  5 11:08:37 red-1 kernel: ACPI: LAPIC (acpi_id[0xff] lapic_id[0xff] disabled)
Jun  5 11:08:37 red-1 kernel: ACPI: LAPIC (acpi_id[0xff] lapic_id[0xff] disabled)
Jun  5 11:08:37 red-1 kernel: ACPI: LAPIC (acpi_id[0xff] lapic_id[0xff] disabled)
Jun  5 11:08:37 red-1 kernel: ACPI: LAPIC (acpi_id[0xff] lapic_id[0xff] disabled)
Jun  5 11:08:37 red-1 kernel: ACPI: LAPIC (acpi_id[0xff] lapic_id[0xff] disabled)
Jun  5 11:08:37 red-1 kernel: ACPI: X2APIC (apic_id[0xffffffff] uid[0x00] disabled)
Jun  5 11:08:37 red-1 kernel: ACPI: X2APIC (apic_id[0xffffffff] uid[0x01] disabled)
Jun  5 11:08:37 red-1 kernel: ACPI: X2APIC (apic_id[0xffffffff] uid[0x02] disabled)
Jun  5 11:08:37 red-1 kernel: ACPI: X2APIC (apic_id[0xffffffff] uid[0x03] disabled)
Jun  5 11:08:37 red-1 kernel: ACPI: X2APIC (apic_id[0xffffffff] uid[0x04] disabled)
Jun  5 11:08:37 red-1 kernel: ACPI: X2APIC (apic_id[0xffffffff] uid[0x05] disabled)
Jun  5 11:08:37 red-1 kernel: ACPI: X2APIC (apic_id[0xffffffff] uid[0x06] disabled)
Jun  5 11:08:37 red-1 kernel: ACPI: X2APIC (apic_id[0xffffffff] uid[0x07] disabled)
Jun  5 11:08:37 red-1 kernel: ACPI: X2APIC (apic_id[0xffffffff] uid[0x08] disabled)
Jun  5 11:08:37 red-1 kernel: ACPI: X2APIC (apic_id[0xffffffff] uid[0x09] disabled)
Jun  5 11:08:37 red-1 kernel: ACPI: X2APIC (apic_id[0xffffffff] uid[0x0a] disabled)
Jun  5 11:08:37 red-1 kernel: ACPI: X2APIC (apic_id[0xffffffff] uid[0x0b] disabled)
Jun  5 11:08:37 red-1 kernel: ACPI: X2APIC (apic_id[0xffffffff] uid[0x0c] disabled)
Jun  5 11:08:37 red-1 kernel: ACPI: X2APIC (apic_id[0xffffffff] uid[0x0d] disabled)
Jun  5 11:08:37 red-1 kernel: ACPI: X2APIC (apic_id[0xffffffff] uid[0x0e] disabled)
Jun  5 11:08:37 red-1 kernel: ACPI: X2APIC (apic_id[0xffffffff] uid[0x0f] disabled)
Jun  5 11:08:37 red-1 kernel: ACPI: X2APIC (apic_id[0xffffffff] uid[0x10] disabled)
Jun  5 11:08:37 red-1 kernel: ACPI: X2APIC (apic_id[0xffffffff] uid[0x11] disabled)
Jun  5 11:08:37 red-1 kernel: ACPI: X2APIC (apic_id[0xffffffff] uid[0x12] disabled)
Jun  5 11:08:37 red-1 kernel: ACPI: X2APIC (apic_id[0xffffffff] uid[0x13] disabled)
Jun  5 11:08:37 red-1 kernel: ACPI: X2APIC (apic_id[0xffffffff] uid[0x14] disabled)
Jun  5 11:08:37 red-1 kernel: ACPI: X2APIC (apic_id[0xffffffff] uid[0x15] disabled)
Jun  5 11:08:37 red-1 kernel: ACPI: X2APIC (apic_id[0xffffffff] uid[0x16] disabled)
Jun  5 11:08:37 red-1 kernel: ACPI: X2APIC (apic_id[0xffffffff] uid[0x17] disabled)
Jun  5 11:08:37 red-1 kernel: ACPI: X2APIC (apic_id[0xffffffff] uid[0x18] disabled)
Jun  5 11:08:37 red-1 kernel: ACPI: X2APIC (apic_id[0xffffffff] uid[0x19] disabled)
Jun  5 11:08:37 red-1 kernel: ACPI: X2APIC (apic_id[0xffffffff] uid[0x1a] disabled)
Jun  5 11:08:37 red-1 kernel: ACPI: X2APIC (apic_id[0xffffffff] uid[0x1b] disabled)
Jun  5 11:08:37 red-1 kernel: ACPI: X2APIC (apic_id[0xffffffff] uid[0x1c] disabled)
Jun  5 11:08:37 red-1 kernel: ACPI: X2APIC (apic_id[0xffffffff] uid[0x1d] disabled)
Jun  5 11:08:37 red-1 kernel: ACPI: X2APIC (apic_id[0xffffffff] uid[0x1e] disabled)
Jun  5 11:08:37 red-1 kernel: ACPI: X2APIC (apic_id[0xffffffff] uid[0x1f] disabled)
Jun  5 11:08:37 red-1 kernel: ACPI: X2APIC (apic_id[0xffffffff] uid[0x20] disabled)
Jun  5 11:08:37 red-1 kernel: ACPI: X2APIC (apic_id[0xffffffff] uid[0x21] disabled)
Jun  5 11:08:37 red-1 kernel: ACPI: X2APIC (apic_id[0xffffffff] uid[0x22] disabled)
Jun  5 11:08:37 red-1 kernel: ACPI: X2APIC (apic_id[0xffffffff] uid[0x23] disabled)
Jun  5 11:08:37 red-1 kernel: ACPI: X2APIC (apic_id[0xffffffff] uid[0x24] disabled)
Jun  5 11:08:37 red-1 kernel: ACPI: X2APIC (apic_id[0xffffffff] uid[0x25] disabled)
Jun  5 11:08:37 red-1 kernel: ACPI: X2APIC (apic_id[0xffffffff] uid[0x26] disabled)
Jun  5 11:08:37 red-1 kernel: ACPI: X2APIC (apic_id[0xffffffff] uid[0x27] disabled)
Jun  5 11:08:37 red-1 kernel: ACPI: X2APIC (apic_id[0xffffffff] uid[0x28] disabled)
Jun  5 11:08:37 red-1 kernel: ACPI: X2APIC (apic_id[0xffffffff] uid[0x29] disabled)
Jun  5 11:08:37 red-1 kernel: ACPI: X2APIC (apic_id[0xffffffff] uid[0x2a] disabled)
Jun  5 11:08:37 red-1 kernel: ACPI: X2APIC (apic_id[0xffffffff] uid[0x2b] disabled)
Jun  5 11:08:37 red-1 kernel: ACPI: X2APIC (apic_id[0xffffffff] uid[0x2c] disabled)
Jun  5 11:08:37 red-1 kernel: ACPI: X2APIC (apic_id[0xffffffff] uid[0x2d] disabled)
Jun  5 11:08:37 red-1 kernel: ACPI: X2APIC (apic_id[0xffffffff] uid[0x2e] disabled)
Jun  5 11:08:37 red-1 kernel: ACPI: X2APIC (apic_id[0xffffffff] uid[0x2f] disabled)
Jun  5 11:08:37 red-1 kernel: ACPI: X2APIC (apic_id[0xffffffff] uid[0x30] disabled)
Jun  5 11:08:37 red-1 kernel: ACPI: X2APIC (apic_id[0xffffffff] uid[0x31] disabled)
Jun  5 11:08:37 red-1 kernel: ACPI: X2APIC (apic_id[0xffffffff] uid[0x32] disabled)
Jun  5 11:08:37 red-1 kernel: ACPI: X2APIC (apic_id[0xffffffff] uid[0x33] disabled)
Jun  5 11:08:37 red-1 kernel: ACPI: X2APIC (apic_id[0xffffffff] uid[0x34] disabled)
Jun  5 11:08:37 red-1 kernel: ACPI: X2APIC (apic_id[0xffffffff] uid[0x35] disabled)
Jun  5 11:08:37 red-1 kernel: ACPI: X2APIC (apic_id[0xffffffff] uid[0x36] disabled)
Jun  5 11:08:37 red-1 kernel: ACPI: X2APIC (apic_id[0xffffffff] uid[0x37] disabled)
Jun  5 11:08:37 red-1 kernel: ACPI: X2APIC_NMI (uid[0xffffffff] high level lint[0x1])
Jun  5 11:08:37 red-1 kernel: ACPI: LAPIC_NMI (acpi_id[0xff] high level lint[0x1])
Jun  5 11:08:37 red-1 kernel: ACPI: IOAPIC (id[0x08] address[0xfec00000] gsi_base[0])
Jun  5 11:08:37 red-1 kernel: IOAPIC[0]: apic_id 8, version 32, address 0xfec00000, GSI 0-23
Jun  5 11:08:37 red-1 kernel: ACPI: IOAPIC (id[0x09] address[0xfec01000] gsi_base[24])
Jun  5 11:08:37 red-1 kernel: IOAPIC[1]: apic_id 9, version 32, address 0xfec01000, GSI 24-31
Jun  5 11:08:37 red-1 kernel: ACPI: IOAPIC (id[0x0a] address[0xfec08000] gsi_base[32])
Jun  5 11:08:37 red-1 kernel: IOAPIC[2]: apic_id 10, version 32, address 0xfec08000, GSI 32-39
Jun  5 11:08:37 red-1 kernel: ACPI: IOAPIC (id[0x0b] address[0xfec10000] gsi_base[40])
Jun  5 11:08:37 red-1 kernel: IOAPIC[3]: apic_id 11, version 32, address 0xfec10000, GSI 40-47
Jun  5 11:08:37 red-1 kernel: ACPI: IOAPIC (id[0x0c] address[0xfec18000] gsi_base[48])
Jun  5 11:08:37 red-1 kernel: IOAPIC[4]: apic_id 12, version 32, address 0xfec18000, GSI 48-55
Jun  5 11:08:37 red-1 kernel: ACPI: INT_SRC_OVR (bus 0 bus_irq 0 global_irq 2 dfl dfl)
Jun  5 11:08:37 red-1 kernel: ACPI: INT_SRC_OVR (bus 0 bus_irq 9 global_irq 9 high level)
Jun  5 11:08:37 red-1 kernel: Using ACPI (MADT) for SMP configuration information
Jun  5 11:08:37 red-1 kernel: ACPI: HPET id: 0x8086a701 base: 0xfed00000
Jun  5 11:08:37 red-1 kernel: smpboot: Allowing 112 CPUs, 88 hotplug CPUs
Jun  5 11:08:37 red-1 kernel: PM: Registered nosave memory: [mem 0x000a0000-0x000fffff]
Jun  5 11:08:37 red-1 kernel: PM: Registered nosave memory: [mem 0x5fcb2000-0x5fcb2fff]
Jun  5 11:08:37 red-1 kernel: PM: Registered nosave memory: [mem 0x5fce6000-0x5fce6fff]
Jun  5 11:08:37 red-1 kernel: PM: Registered nosave memory: [mem 0x5fce7000-0x5fce7fff]
Jun  5 11:08:37 red-1 kernel: PM: Registered nosave memory: [mem 0x5fd1b000-0x5fd1bfff]
Jun  5 11:08:37 red-1 kernel: PM: Registered nosave memory: [mem 0x5fd1c000-0x5fd1cfff]
Jun  5 11:08:37 red-1 kernel: PM: Registered nosave memory: [mem 0x5fd24000-0x5fd24fff]
Jun  5 11:08:37 red-1 kernel: PM: Registered nosave memory: [mem 0x68db8000-0x6b666fff]
Jun  5 11:08:37 red-1 kernel: PM: Registered nosave memory: [mem 0x6b838000-0x6c214fff]
Jun  5 11:08:37 red-1 kernel: PM: Registered nosave memory: [mem 0x6c215000-0x6e3befff]
Jun  5 11:08:37 red-1 kernel: PM: Registered nosave memory: [mem 0x6f800000-0x8fffffff]
Jun  5 11:08:37 red-1 kernel: PM: Registered nosave memory: [mem 0x90000000-0xfcffffff]
Jun  5 11:08:37 red-1 kernel: PM: Registered nosave memory: [mem 0xfd000000-0xfe7fffff]
Jun  5 11:08:37 red-1 kernel: PM: Registered nosave memory: [mem 0xfe800000-0xfed1ffff]
Jun  5 11:08:37 red-1 kernel: PM: Registered nosave memory: [mem 0xfed20000-0xfed44fff]
Jun  5 11:08:37 red-1 kernel: PM: Registered nosave memory: [mem 0xfed45000-0xfeffffff]
Jun  5 11:08:37 red-1 kernel: PM: Registered nosave memory: [mem 0xff000000-0xffffffff]
Jun  5 11:08:37 red-1 kernel: e820: [mem 0x90000000-0xfcffffff] available for PCI devices
Jun  5 11:08:37 red-1 kernel: Booting paravirtualized kernel on bare hardware
Jun  5 11:08:37 red-1 kernel: setup_percpu: NR_CPUS:5120 nr_cpumask_bits:112 nr_cpu_ids:112 nr_node_ids:1
Jun  5 11:08:37 red-1 kernel: PERCPU: Embedded 38 pages/cpu @ffff9c35dde00000 s118784 r8192 d28672 u262144
Jun  5 11:08:37 red-1 kernel: Built 1 zonelists in Zone order, mobility grouping on.  Total pages: 8169660
Jun  5 11:08:37 red-1 kernel: Policy zone: Normal
Jun  5 11:08:37 red-1 kernel: Kernel command line: BOOT_IMAGE=/vmlinuz-3.10.0-957.10.1.el7.x86_64 root=/dev/mapper/rhel-root ro crashkernel=auto rd.lvm.lv=rhel/root rd.lvm.lv=rhel/swap rhgb quiet LANG=en_US.UTF-8
Jun  5 11:08:37 red-1 kernel: PID hash table entries: 4096 (order: 3, 32768 bytes)
Jun  5 11:08:37 red-1 kernel: x86/fpu: xstate_offset[2]: 0240, xstate_sizes[2]: 0100
Jun  5 11:08:37 red-1 kernel: x86/fpu: xstate_offset[3]: 03c0, xstate_sizes[3]: 0040
Jun  5 11:08:37 red-1 kernel: x86/fpu: xstate_offset[4]: 0400, xstate_sizes[4]: 0040
Jun  5 11:08:37 red-1 kernel: x86/fpu: xstate_offset[5]: 0440, xstate_sizes[5]: 0040
Jun  5 11:08:37 red-1 kernel: x86/fpu: xstate_offset[6]: 0480, xstate_sizes[6]: 0200
Jun  5 11:08:37 red-1 kernel: x86/fpu: xstate_offset[7]: 0680, xstate_sizes[7]: 0400
Jun  5 11:08:37 red-1 kernel: x86/fpu: xstate_offset[8]: 0000, xstate_sizes[8]: 0080
Jun  5 11:08:37 red-1 kernel: x86/fpu: xstate_offset[9]: 0a80, xstate_sizes[9]: 0008
Jun  5 11:08:37 red-1 kernel: xsave: enabled xstate_bv 0x2ff, cntxt size 0xa88 using standard form
Jun  5 11:08:37 red-1 kernel: Memory: 3568596k/35651584k available (7668k kernel code, 2454108k absent, 825688k reserved, 6051k data, 1876k init)
Jun  5 11:08:37 red-1 kernel: SLUB: HWalign=64, Order=0-3, MinObjects=0, CPUs=112, Nodes=1
Jun  5 11:08:37 red-1 kernel: x86/pti: Unmapping kernel while in userspace
Jun  5 11:08:37 red-1 kernel: Hierarchical RCU implementation.
Jun  5 11:08:37 red-1 kernel: #011RCU restricting CPUs from NR_CPUS=5120 to nr_cpu_ids=112.
Jun  5 11:08:37 red-1 kernel: NR_IRQS:327936 nr_irqs:1864 0
Jun  5 11:08:37 red-1 kernel: Console: colour dummy device 80x25
Jun  5 11:08:37 red-1 kernel: console [tty0] enabled
Jun  5 11:08:37 red-1 kernel: allocated 133169152 bytes of page_cgroup
Jun  5 11:08:37 red-1 kernel: please try 'cgroup_disable=memory' option if you don't want memory cgroups
Jun  5 11:08:37 red-1 kernel: tsc: Detected 2000.000 MHz processor
Jun  5 11:08:37 red-1 kernel: Calibrating delay loop (skipped), value calculated using timer frequency.. 4000.00 BogoMIPS (lpj=2000000)
Jun  5 11:08:37 red-1 kernel: pid_max: default: 114688 minimum: 896
Jun  5 11:08:37 red-1 kernel: Security Framework initialized
Jun  5 11:08:37 red-1 kernel: SELinux:  Initializing.
Jun  5 11:08:37 red-1 kernel: Yama: becoming mindful.
Jun  5 11:08:37 red-1 kernel: Dentry cache hash table entries: 4194304 (order: 13, 33554432 bytes)
Jun  5 11:08:37 red-1 kernel: Inode-cache hash table entries: 2097152 (order: 12, 16777216 bytes)
Jun  5 11:08:37 red-1 kernel: Mount-cache hash table entries: 65536 (order: 7, 524288 bytes)
Jun  5 11:08:37 red-1 kernel: Mountpoint-cache hash table entries: 65536 (order: 7, 524288 bytes)
Jun  5 11:08:37 red-1 kernel: Initializing cgroup subsys memory
Jun  5 11:08:37 red-1 kernel: Initializing cgroup subsys devices
Jun  5 11:08:37 red-1 kernel: Initializing cgroup subsys freezer
Jun  5 11:08:37 red-1 kernel: Initializing cgroup subsys net_cls
Jun  5 11:08:37 red-1 kernel: Initializing cgroup subsys blkio
Jun  5 11:08:37 red-1 kernel: Initializing cgroup subsys perf_event
Jun  5 11:08:37 red-1 kernel: Initializing cgroup subsys hugetlb
Jun  5 11:08:37 red-1 kernel: Initializing cgroup subsys pids
Jun  5 11:08:37 red-1 kernel: Initializing cgroup subsys net_prio
Jun  5 11:08:37 red-1 kernel: ENERGY_PERF_BIAS: Set to 'normal', was 'performance'
Jun  5 11:08:37 red-1 kernel: ENERGY_PERF_BIAS: View and update with x86_energy_perf_policy(8)
Jun  5 11:08:37 red-1 kernel: mce: CPU supports 20 MCE banks
Jun  5 11:08:37 red-1 kernel: CPU0: Thermal monitoring enabled (TM1)
Jun  5 11:08:37 red-1 kernel: Last level iTLB entries: 4KB 0, 2MB 0, 4MB 0
Jun  5 11:08:37 red-1 kernel: Last level dTLB entries: 4KB 64, 2MB 0, 4MB 0
Jun  5 11:08:37 red-1 kernel: tlb_flushall_shift: 6
Jun  5 11:08:37 red-1 kernel: Speculative Store Bypass: Mitigation: Speculative Store Bypass disabled via prctl and seccomp
Jun  5 11:08:37 red-1 kernel: FEATURE SPEC_CTRL Present
Jun  5 11:08:37 red-1 kernel: FEATURE IBPB_SUPPORT Present
Jun  5 11:08:37 red-1 kernel: Spectre V2 : Mitigation: IBRS (kernel)
Jun  5 11:08:37 red-1 kernel: Freeing SMP alternatives: 28k freed
Jun  5 11:08:37 red-1 kernel: ACPI: Core revision 20130517
Jun  5 11:08:37 red-1 kernel: ACPI: All ACPI Tables successfully acquired
Jun  5 11:08:37 red-1 kernel: efi_bgrt: Ignoring BGRT: Incorrect BMP magic number 0x0 (expected 0x4d42)
Jun  5 11:08:37 red-1 kernel: ftrace: allocating 29191 entries in 115 pages
Jun  5 11:08:37 red-1 kernel: DMAR: Host address width 46
Jun  5 11:08:37 red-1 kernel: DMAR: DRHD base: 0x000000c5ffc000 flags: 0x0
Jun  5 11:08:37 red-1 kernel: DMAR: dmar0: reg_base_addr c5ffc000 ver 1:0 cap 8d2078c106f0466 ecap f020df
Jun  5 11:08:37 red-1 kernel: DMAR: DRHD base: 0x000000e0ffc000 flags: 0x0
Jun  5 11:08:37 red-1 kernel: DMAR: dmar1: reg_base_addr e0ffc000 ver 1:0 cap 8d2078c106f0466 ecap f020df
Jun  5 11:08:37 red-1 kernel: DMAR: DRHD base: 0x000000fbffc000 flags: 0x0
Jun  5 11:08:37 red-1 kernel: DMAR: dmar2: reg_base_addr fbffc000 ver 1:0 cap 8d2078c106f0466 ecap f020df
Jun  5 11:08:37 red-1 kernel: DMAR: DRHD base: 0x000000aaffc000 flags: 0x1
Jun  5 11:08:37 red-1 kernel: DMAR: dmar3: reg_base_addr aaffc000 ver 1:0 cap 8d2078c106f0466 ecap f020df
Jun  5 11:08:37 red-1 kernel: DMAR: RMRR base: 0x0000006deb3000 end: 0x0000006dec3fff
Jun  5 11:08:37 red-1 kernel: DMAR: ATSR flags: 0x0
Jun  5 11:08:37 red-1 kernel: DMAR: RHSA base: 0x000000aaffc000 proximity domain: 0x0
Jun  5 11:08:37 red-1 kernel: DMAR: RHSA base: 0x000000c5ffc000 proximity domain: 0x0
Jun  5 11:08:37 red-1 kernel: DMAR: RHSA base: 0x000000e0ffc000 proximity domain: 0x0
Jun  5 11:08:37 red-1 kernel: DMAR: RHSA base: 0x000000fbffc000 proximity domain: 0x0
Jun  5 11:08:37 red-1 kernel: DMAR-IR: IOAPIC id 12 under DRHD base  0xfbffc000 IOMMU 2
Jun  5 11:08:37 red-1 kernel: DMAR-IR: IOAPIC id 11 under DRHD base  0xe0ffc000 IOMMU 1
Jun  5 11:08:37 red-1 kernel: DMAR-IR: IOAPIC id 10 under DRHD base  0xc5ffc000 IOMMU 0
Jun  5 11:08:37 red-1 kernel: DMAR-IR: IOAPIC id 8 under DRHD base  0xaaffc000 IOMMU 3
Jun  5 11:08:37 red-1 kernel: DMAR-IR: IOAPIC id 9 under DRHD base  0xaaffc000 IOMMU 3
Jun  5 11:08:37 red-1 kernel: DMAR-IR: HPET id 0 under DRHD base 0xaaffc000
Jun  5 11:08:37 red-1 kernel: DMAR-IR: x2apic is disabled because BIOS sets x2apic opt out bit.
Jun  5 11:08:37 red-1 kernel: DMAR-IR: Use 'intremap=no_x2apic_optout' to override the BIOS setting.
Jun  5 11:08:37 red-1 kernel: DMAR-IR: Enabled IRQ remapping in xapic mode
Jun  5 11:08:37 red-1 kernel: IRQ remapping doesn't support X2APIC mode, disable x2apic.
Jun  5 11:08:37 red-1 kernel: Switched APIC routing to physical flat.
Jun  5 11:08:37 red-1 kernel: ..TIMER: vector=0x30 apic1=0 pin1=2 apic2=-1 pin2=-1
Jun  5 11:08:37 red-1 kernel: smpboot: CPU0: Intel(R) Xeon(R) D-2166NT CPU @ 2.00GHz (fam: 06, model: 55, stepping: 04)
Jun  5 11:08:37 red-1 kernel: Performance Events: PEBS fmt3+, Skylake events, 32-deep LBR, full-width counters, Intel PMU driver.
Jun  5 11:08:37 red-1 kernel: ... version:                4
Jun  5 11:08:37 red-1 kernel: ... bit width:              48
Jun  5 11:08:37 red-1 kernel: ... generic registers:      4
Jun  5 11:08:37 red-1 kernel: ... value mask:             0000ffffffffffff
Jun  5 11:08:37 red-1 kernel: ... max period:             00007fffffffffff
Jun  5 11:08:37 red-1 kernel: ... fixed-purpose events:   3
Jun  5 11:08:37 red-1 kernel: ... event mask:             000000070000000f
Jun  5 11:08:37 red-1 kernel: NMI watchdog: enabled on all CPUs, permanently consumes one hw-PMU counter.
Jun  5 11:08:37 red-1 kernel: smpboot: Booting Node   0, Processors  #1 #2 #3 #4 #5 #6 #7 #8 #9 #10 #11 #12 #13 #14 #15 #16 #17 #18 #19 #20 #21 #22 #23
Jun  5 11:08:37 red-1 kernel: Brought up 24 CPUs
Jun  5 11:08:37 red-1 kernel: smpboot: Max logical packages: 5
Jun  5 11:08:37 red-1 kernel: smpboot: Total of 24 processors activated (96000.00 BogoMIPS)
Jun  5 11:08:37 red-1 kernel: node 0 initialised, 7200796 pages in 262ms
Jun  5 11:08:37 red-1 kernel: devtmpfs: initialized
Jun  5 11:08:37 red-1 kernel: EVM: security.selinux
Jun  5 11:08:37 red-1 kernel: EVM: security.ima
Jun  5 11:08:37 red-1 kernel: EVM: security.capability
Jun  5 11:08:37 red-1 kernel: PM: Registering ACPI NVS region [mem 0x6b838000-0x6c214fff] (10342400 bytes)
Jun  5 11:08:37 red-1 kernel: atomic64 test passed for x86-64 platform with CX8 and with SSE
Jun  5 11:08:37 red-1 kernel: pinctrl core: initialized pinctrl subsystem
Jun  5 11:08:37 red-1 kernel: RTC time: 15:08:35, date: 06/05/19
Jun  5 11:08:37 red-1 kernel: NET: Registered protocol family 16
Jun  5 11:08:37 red-1 kernel: ACPI FADT declares the system doesn't support PCIe ASPM, so disable it
Jun  5 11:08:37 red-1 kernel: ACPI: bus type PCI registered
Jun  5 11:08:37 red-1 kernel: acpiphp: ACPI Hot Plug PCI Controller Driver version: 0.5
Jun  5 11:08:37 red-1 kernel: PCI: MMCONFIG for domain 0000 [bus 00-ff] at [mem 0x80000000-0x8fffffff] (base 0x80000000)
Jun  5 11:08:37 red-1 kernel: PCI: MMCONFIG at [mem 0x80000000-0x8fffffff] reserved in E820
Jun  5 11:08:37 red-1 kernel: pmd_set_huge: Cannot satisfy [mem 0x80000000-0x80200000] with a huge-page mapping due to MTRR override.
Jun  5 11:08:37 red-1 kernel: PCI: Using configuration type 1 for base access
Jun  5 11:08:37 red-1 kernel: ACPI: Added _OSI(Module Device)
Jun  5 11:08:37 red-1 kernel: ACPI: Added _OSI(Processor Device)
Jun  5 11:08:37 red-1 kernel: ACPI: Added _OSI(3.0 _SCP Extensions)
Jun  5 11:08:37 red-1 kernel: ACPI: Added _OSI(Processor Aggregator Device)
Jun  5 11:08:37 red-1 kernel: ACPI: Added _OSI(Linux-Dell-Video)
Jun  5 11:08:37 red-1 kernel: ACPI: [Firmware Bug]: BIOS _OSI(Linux) query ignored
Jun  5 11:08:37 red-1 kernel: ACPI: Dynamic OEM Table Load:
Jun  5 11:08:37 red-1 kernel: ACPI: OEM1           (null) 0A8CC (v02  INTEL CPU EIST 00003000 INTL 20140828)
Jun  5 11:08:37 red-1 kernel: ACPI: Dynamic OEM Table Load:
Jun  5 11:08:37 red-1 kernel: ACPI: OEM4           (null) 28A0C (v02  INTEL CPU  CST 00003000 INTL 20140828)
Jun  5 11:08:37 red-1 kernel: ACPI: Interpreter enabled
Jun  5 11:08:37 red-1 kernel: ACPI: (supports S0 S4 S5)
Jun  5 11:08:37 red-1 kernel: ACPI: Using IOAPIC for interrupt routing
Jun  5 11:08:37 red-1 kernel: HEST: Table parsing has been initialized.
Jun  5 11:08:37 red-1 kernel: PCI: Using host bridge windows from ACPI; if necessary, use "pci=nocrs" and report a bug
Jun  5 11:08:37 red-1 kernel: ACPI: GPE 0x6C active on init
Jun  5 11:08:37 red-1 kernel: ACPI: Enabled 6 GPEs in block 00 to 7F
Jun  5 11:08:37 red-1 kernel: ACPI: PCI Root Bridge [PC00] (domain 0000 [bus 00-15])
Jun  5 11:08:37 red-1 kernel: acpi PNP0A08:00: _OSC: OS supports [ExtendedConfig ASPM ClockPM Segments MSI]
Jun  5 11:08:37 red-1 kernel: acpi PNP0A08:00: _OSC: platform does not support [SHPCHotplug AER]
Jun  5 11:08:37 red-1 kernel: acpi PNP0A08:00: _OSC: OS now controls [PCIeHotplug PME PCIeCapability]
Jun  5 11:08:37 red-1 kernel: acpi PNP0A08:00: FADT indicates ASPM is unsupported, using BIOS configuration
Jun  5 11:08:37 red-1 kernel: PCI host bridge to bus 0000:00
Jun  5 11:08:37 red-1 kernel: pci_bus 0000:00: root bus resource [io  0x0000-0x03af window]
Jun  5 11:08:37 red-1 kernel: pci_bus 0000:00: root bus resource [io  0x03e0-0x0cf7 window]
Jun  5 11:08:37 red-1 kernel: pci_bus 0000:00: root bus resource [io  0x03b0-0x03bb window]
Jun  5 11:08:37 red-1 kernel: pci_bus 0000:00: root bus resource [io  0x03c0-0x03df window]
Jun  5 11:08:37 red-1 kernel: pci_bus 0000:00: root bus resource [io  0x1000-0x3fff window]
Jun  5 11:08:37 red-1 kernel: pci_bus 0000:00: root bus resource [mem 0x000a0000-0x000bffff window]
Jun  5 11:08:37 red-1 kernel: pci_bus 0000:00: root bus resource [mem 0x000c4000-0x000c7fff window]
Jun  5 11:08:37 red-1 kernel: pci_bus 0000:00: root bus resource [mem 0xfe010000-0xfe010fff window]
Jun  5 11:08:37 red-1 kernel: pci_bus 0000:00: root bus resource [mem 0x90000000-0xaaffffff window]
Jun  5 11:08:37 red-1 kernel: pci_bus 0000:00: root bus resource [mem 0x380000000000-0x383fffffffff window]
Jun  5 11:08:37 red-1 kernel: pci_bus 0000:00: root bus resource [bus 00-15]
Jun  5 11:08:37 red-1 kernel: pci 0000:00:14.0: System wakeup disabled by ACPI
Jun  5 11:08:37 red-1 kernel: pci 0000:00:1c.0: System wakeup disabled by ACPI
Jun  5 11:08:37 red-1 kernel: pci 0000:00:1c.4: System wakeup disabled by ACPI
Jun  5 11:08:37 red-1 kernel: pci 0000:00:1c.0: PCI bridge to [bus 01]
Jun  5 11:08:37 red-1 kernel: pci 0000:00:1c.4: PCI bridge to [bus 02-03]
Jun  5 11:08:37 red-1 kernel: pci 0000:02:00.0: PCI bridge to [bus 03]
Jun  5 11:08:37 red-1 kernel: ACPI: PCI Root Bridge [PC01] (domain 0000 [bus 16-63])
Jun  5 11:08:37 red-1 kernel: acpi PNP0A08:01: _OSC: OS supports [ExtendedConfig ASPM ClockPM Segments MSI]
Jun  5 11:08:37 red-1 kernel: acpi PNP0A08:01: _OSC: platform does not support [SHPCHotplug AER]
Jun  5 11:08:37 red-1 kernel: acpi PNP0A08:01: _OSC: OS now controls [PCIeHotplug PME PCIeCapability]
Jun  5 11:08:37 red-1 kernel: acpi PNP0A08:01: FADT indicates ASPM is unsupported, using BIOS configuration
Jun  5 11:08:37 red-1 kernel: PCI host bridge to bus 0000:16
Jun  5 11:08:37 red-1 kernel: pci_bus 0000:16: root bus resource [io  0x4000-0x7fff window]
Jun  5 11:08:37 red-1 kernel: pci_bus 0000:16: root bus resource [mem 0xab000000-0xc5ffffff window]
Jun  5 11:08:37 red-1 kernel: pci_bus 0000:16: root bus resource [mem 0x384000000000-0x387fffffffff window]
Jun  5 11:08:37 red-1 kernel: pci_bus 0000:16: root bus resource [bus 16-63]
Jun  5 11:08:37 red-1 kernel: pci 0000:16:00.0: System wakeup disabled by ACPI
Jun  5 11:08:37 red-1 kernel: pci 0000:17:00.0: VF(n) BAR0 space: [mem 0x00000000-0x003fffff 64bit pref] (contains BAR0 for 64 VFs)
Jun  5 11:08:37 red-1 kernel: pci 0000:17:00.0: VF(n) BAR3 space: [mem 0x00000000-0x000fffff 64bit pref] (contains BAR3 for 64 VFs)
Jun  5 11:08:37 red-1 kernel: pci 0000:17:00.1: VF(n) BAR0 space: [mem 0x00000000-0x003fffff 64bit pref] (contains BAR0 for 64 VFs)
Jun  5 11:08:37 red-1 kernel: pci 0000:17:00.1: VF(n) BAR3 space: [mem 0x00000000-0x000fffff 64bit pref] (contains BAR3 for 64 VFs)
Jun  5 11:08:37 red-1 kernel: pci 0000:16:00.0: PCI bridge to [bus 17]
Jun  5 11:08:37 red-1 kernel: ACPI: PCI Root Bridge [PC02] (domain 0000 [bus 64-b1])
Jun  5 11:08:37 red-1 kernel: acpi PNP0A08:02: _OSC: OS supports [ExtendedConfig ASPM ClockPM Segments MSI]
Jun  5 11:08:37 red-1 kernel: acpi PNP0A08:02: _OSC: platform does not support [SHPCHotplug AER]
Jun  5 11:08:37 red-1 kernel: acpi PNP0A08:02: _OSC: OS now controls [PCIeHotplug PME PCIeCapability]
Jun  5 11:08:37 red-1 kernel: acpi PNP0A08:02: FADT indicates ASPM is unsupported, using BIOS configuration
Jun  5 11:08:37 red-1 kernel: PCI host bridge to bus 0000:64
Jun  5 11:08:37 red-1 kernel: pci_bus 0000:64: root bus resource [io  0x8000-0xbfff window]
Jun  5 11:08:37 red-1 kernel: pci_bus 0000:64: root bus resource [mem 0xc6000000-0xe0ffffff window]
Jun  5 11:08:37 red-1 kernel: pci_bus 0000:64: root bus resource [mem 0x388000000000-0x38bfffffffff window]
Jun  5 11:08:37 red-1 kernel: pci_bus 0000:64: root bus resource [bus 64-b1]
Jun  5 11:08:37 red-1 kernel: ACPI: PCI Root Bridge [PC03] (domain 0000 [bus b2-ff])
Jun  5 11:08:37 red-1 kernel: acpi PNP0A08:03: _OSC: OS supports [ExtendedConfig ASPM ClockPM Segments MSI]
Jun  5 11:08:37 red-1 kernel: acpi PNP0A08:03: _OSC: platform does not support [SHPCHotplug AER]
Jun  5 11:08:37 red-1 kernel: acpi PNP0A08:03: _OSC: OS now controls [PCIeHotplug PME PCIeCapability]
Jun  5 11:08:37 red-1 kernel: acpi PNP0A08:03: FADT indicates ASPM is unsupported, using BIOS configuration
Jun  5 11:08:37 red-1 kernel: PCI host bridge to bus 0000:b2
Jun  5 11:08:37 red-1 kernel: pci_bus 0000:b2: root bus resource [io  0xc000-0xffff window]
Jun  5 11:08:37 red-1 kernel: pci_bus 0000:b2: root bus resource [mem 0xe1000000-0xfbffffff window]
Jun  5 11:08:37 red-1 kernel: pci_bus 0000:b2: root bus resource [mem 0x38c000000000-0x38ffffffffff window]
Jun  5 11:08:37 red-1 kernel: pci_bus 0000:b2: root bus resource [bus b2-ff]
Jun  5 11:08:37 red-1 kernel: pci 0000:b2:00.0: System wakeup disabled by ACPI
Jun  5 11:08:37 red-1 kernel: pci 0000:b3:00.0: System wakeup disabled by ACPI
Jun  5 11:08:37 red-1 kernel: pci 0000:b2:00.0: PCI bridge to [bus b3-b7]
Jun  5 11:08:37 red-1 kernel: pci 0000:b4:00.0: System wakeup disabled by ACPI
Jun  5 11:08:37 red-1 kernel: pci 0000:b4:02.0: System wakeup disabled by ACPI
Jun  5 11:08:37 red-1 kernel: pci 0000:b4:03.0: System wakeup disabled by ACPI
Jun  5 11:08:37 red-1 kernel: pci 0000:b3:00.0: PCI bridge to [bus b4-b7]
Jun  5 11:08:37 red-1 kernel: pci 0000:b5:00.0: VF(n) BAR0 space: [mem 0x00000000-0x0000ffff 64bit] (contains BAR0 for 16 VFs)
Jun  5 11:08:37 red-1 kernel: pci 0000:b5:00.0: VF(n) BAR2 space: [mem 0x00000000-0x0000ffff 64bit] (contains BAR2 for 16 VFs)
Jun  5 11:08:37 red-1 kernel: pci 0000:b4:00.0: PCI bridge to [bus b5]
Jun  5 11:08:37 red-1 kernel: pci 0000:b6:00.0: VF(n) BAR0 space: [mem 0x00000000-0x0000ffff 64bit] (contains BAR0 for 16 VFs)
Jun  5 11:08:37 red-1 kernel: pci 0000:b6:00.0: VF(n) BAR2 space: [mem 0x00000000-0x0000ffff 64bit] (contains BAR2 for 16 VFs)
Jun  5 11:08:37 red-1 kernel: pci 0000:b4:02.0: PCI bridge to [bus b6]
Jun  5 11:08:37 red-1 kernel: pci 0000:b7:00.0: VF(n) BAR0 space: [mem 0x00000000-0x007fffff 64bit pref] (contains BAR0 for 64 VFs)
Jun  5 11:08:37 red-1 kernel: pci 0000:b7:00.0: VF(n) BAR3 space: [mem 0x00000000-0x000fffff 64bit pref] (contains BAR3 for 64 VFs)
Jun  5 11:08:37 red-1 kernel: pci 0000:b7:00.1: VF(n) BAR0 space: [mem 0x00000000-0x007fffff 64bit pref] (contains BAR0 for 64 VFs)
Jun  5 11:08:37 red-1 kernel: pci 0000:b7:00.1: VF(n) BAR3 space: [mem 0x00000000-0x000fffff 64bit pref] (contains BAR3 for 64 VFs)
Jun  5 11:08:37 red-1 kernel: pci 0000:b4:03.0: PCI bridge to [bus b7]
Jun  5 11:08:37 red-1 kernel: ACPI: PCI Interrupt Link [LNKA] (IRQs 3 4 5 6 7 10 *11 12 14 15)
Jun  5 11:08:37 red-1 kernel: ACPI: PCI Interrupt Link [LNKB] (IRQs 3 4 5 6 7 *10 11 12 14 15)
Jun  5 11:08:37 red-1 kernel: ACPI: PCI Interrupt Link [LNKC] (IRQs 3 4 5 6 10 *11 12 14 15)
Jun  5 11:08:37 red-1 kernel: ACPI: PCI Interrupt Link [LNKD] (IRQs 3 4 5 6 10 *11 12 14 15)
Jun  5 11:08:37 red-1 kernel: ACPI: PCI Interrupt Link [LNKE] (IRQs 3 4 5 6 7 10 *11 12 14 15)
Jun  5 11:08:37 red-1 kernel: ACPI: PCI Interrupt Link [LNKF] (IRQs 3 4 5 6 7 10 *11 12 14 15)
Jun  5 11:08:37 red-1 kernel: ACPI: PCI Interrupt Link [LNKG] (IRQs 3 4 5 6 7 10 *11 12 14 15)
Jun  5 11:08:37 red-1 kernel: ACPI: PCI Interrupt Link [LNKH] (IRQs 3 4 5 6 7 10 *11 12 14 15)
Jun  5 11:08:37 red-1 kernel: vgaarb: device added: PCI:0000:03:00.0,decodes=io+mem,owns=io+mem,locks=none
Jun  5 11:08:37 red-1 kernel: vgaarb: loaded
Jun  5 11:08:37 red-1 kernel: vgaarb: bridge control possible 0000:03:00.0
Jun  5 11:08:37 red-1 kernel: SCSI subsystem initialized
Jun  5 11:08:37 red-1 kernel: ACPI: bus type USB registered
Jun  5 11:08:37 red-1 kernel: usbcore: registered new interface driver usbfs
Jun  5 11:08:37 red-1 kernel: usbcore: registered new interface driver hub
Jun  5 11:08:37 red-1 kernel: usbcore: registered new device driver usb
Jun  5 11:08:37 red-1 kernel: EDAC MC: Ver: 3.0.0
Jun  5 11:08:37 red-1 kernel: PCI: Using ACPI for IRQ routing
Jun  5 11:08:37 red-1 kernel: NetLabel: Initializing
Jun  5 11:08:37 red-1 kernel: NetLabel:  domain hash size = 128
Jun  5 11:08:37 red-1 kernel: NetLabel:  protocols = UNLABELED CIPSOv4
Jun  5 11:08:37 red-1 kernel: NetLabel:  unlabeled traffic allowed by default
Jun  5 11:08:37 red-1 kernel: hpet0: at MMIO 0xfed00000, IRQs 2, 8, 0, 0, 0, 0, 0, 0
Jun  5 11:08:37 red-1 kernel: hpet0: 8 comparators, 64-bit 24.000000 MHz counter
Jun  5 11:08:37 red-1 kernel: amd_nb: Cannot enumerate AMD northbridges
Jun  5 11:08:37 red-1 kernel: Switched to clocksource hpet
Jun  5 11:08:37 red-1 kernel: pnp: PnP ACPI init
Jun  5 11:08:37 red-1 kernel: ACPI: bus type PNP registered
Jun  5 11:08:37 red-1 kernel: system 00:01: [io  0x0500-0x05fe] could not be reserved
Jun  5 11:08:37 red-1 kernel: system 00:01: [io  0x0400-0x047f] has been reserved
Jun  5 11:08:37 red-1 kernel: system 00:01: [io  0x0600-0x061f] has been reserved
Jun  5 11:08:37 red-1 kernel: system 00:01: [io  0x0880-0x0883] has been reserved
Jun  5 11:08:37 red-1 kernel: system 00:01: [io  0x0800-0x081f] has been reserved
Jun  5 11:08:37 red-1 kernel: system 00:01: [mem 0xfed1c000-0xfed3ffff] could not be reserved
Jun  5 11:08:37 red-1 kernel: system 00:01: [mem 0xfed45000-0xfed8bfff] has been reserved
Jun  5 11:08:37 red-1 kernel: system 00:01: [mem 0xff000000-0xffffffff] has been reserved
Jun  5 11:08:37 red-1 kernel: system 00:01: [mem 0xfee00000-0xfeefffff] has been reserved
Jun  5 11:08:37 red-1 kernel: system 00:01: [mem 0xfed12000-0xfed1200f] has been reserved
Jun  5 11:08:37 red-1 kernel: system 00:01: [mem 0xfed12010-0xfed1201f] has been reserved
Jun  5 11:08:37 red-1 kernel: system 00:01: [mem 0xfed1b000-0xfed1bfff] has been reserved
Jun  5 11:08:37 red-1 kernel: system 00:02: [io  0x0a00-0x0a0f] has been reserved
Jun  5 11:08:37 red-1 kernel: system 00:02: [io  0x0a10-0x0a1f] has been reserved
Jun  5 11:08:37 red-1 kernel: system 00:02: [io  0x0a20-0x0a2f] has been reserved
Jun  5 11:08:37 red-1 kernel: system 00:02: [io  0x0a30-0x0a3f] has been reserved
Jun  5 11:08:37 red-1 kernel: system 00:02: [io  0x0a40-0x0a4f] has been reserved
Jun  5 11:08:37 red-1 kernel: system 00:05: [mem 0xfd000000-0xfdabffff] has been reserved
Jun  5 11:08:37 red-1 kernel: system 00:05: [mem 0xfdad0000-0xfdadffff] has been reserved
Jun  5 11:08:37 red-1 kernel: system 00:05: [mem 0xfdb00000-0xfdffffff] has been reserved
Jun  5 11:08:37 red-1 kernel: system 00:05: [mem 0xfe000000-0xfe00ffff] has been reserved
Jun  5 11:08:37 red-1 kernel: system 00:05: [mem 0xfe011000-0xfe01ffff] has been reserved
Jun  5 11:08:37 red-1 kernel: system 00:05: [mem 0xfe036000-0xfe03bfff] has been reserved
Jun  5 11:08:37 red-1 kernel: system 00:05: [mem 0xfe03d000-0xfe3fffff] has been reserved
Jun  5 11:08:37 red-1 kernel: system 00:05: [mem 0xfe410000-0xfe7fffff] has been reserved
Jun  5 11:08:37 red-1 kernel: system 00:06: [io  0x0f00-0x0ffe] has been reserved
Jun  5 11:08:37 red-1 kernel: pnp: PnP ACPI: found 7 devices
Jun  5 11:08:37 red-1 kernel: ACPI: bus type PNP unregistered
Jun  5 11:08:37 red-1 kernel: pci 0000:00:1f.4: BAR 0: assigned [mem 0x380000000000-0x3800000000ff 64bit]
Jun  5 11:08:37 red-1 kernel: pci 0000:00:1c.0: PCI bridge to [bus 01]
Jun  5 11:08:37 red-1 kernel: pci 0000:02:00.0: PCI bridge to [bus 03]
Jun  5 11:08:37 red-1 kernel: pci 0000:02:00.0:   bridge window [io  0x2000-0x2fff]
Jun  5 11:08:37 red-1 kernel: pci 0000:02:00.0:   bridge window [mem 0xa9000000-0xaa0fffff]
Jun  5 11:08:37 red-1 kernel: pci 0000:00:1c.4: PCI bridge to [bus 02-03]
Jun  5 11:08:37 red-1 kernel: pci 0000:00:1c.4:   bridge window [io  0x2000-0x2fff]
Jun  5 11:08:37 red-1 kernel: pci 0000:00:1c.4:   bridge window [mem 0xa9000000-0xaa0fffff]
Jun  5 11:08:37 red-1 kernel: pci 0000:17:00.0: BAR 7: no space for [mem size 0x00400000 64bit pref]
Jun  5 11:08:37 red-1 kernel: pci 0000:17:00.0: BAR 7: failed to assign [mem size 0x00400000 64bit pref]
Jun  5 11:08:37 red-1 kernel: pci 0000:17:00.1: BAR 7: no space for [mem size 0x00400000 64bit pref]
Jun  5 11:08:37 red-1 kernel: pci 0000:17:00.1: BAR 7: failed to assign [mem size 0x00400000 64bit pref]
Jun  5 11:08:37 red-1 kernel: pci 0000:17:00.0: BAR 10: no space for [mem size 0x00100000 64bit pref]
Jun  5 11:08:37 red-1 kernel: pci 0000:17:00.0: BAR 10: failed to assign [mem size 0x00100000 64bit pref]
Jun  5 11:08:37 red-1 kernel: pci 0000:17:00.1: BAR 10: no space for [mem size 0x00100000 64bit pref]
Jun  5 11:08:37 red-1 kernel: pci 0000:17:00.1: BAR 10: failed to assign [mem size 0x00100000 64bit pref]
Jun  5 11:08:37 red-1 kernel: pci 0000:16:00.0: PCI bridge to [bus 17]
Jun  5 11:08:37 red-1 kernel: pci 0000:16:00.0:   bridge window [mem 0xc5e00000-0xc5efffff]
Jun  5 11:08:37 red-1 kernel: pci 0000:16:00.0:   bridge window [mem 0x387ffe800000-0x387fff8fffff 64bit pref]
Jun  5 11:08:37 red-1 kernel: pci_bus 0000:16: Some PCI device resources are unassigned, try booting with pci=realloc
Jun  5 11:08:37 red-1 kernel: pci 0000:b5:00.0: BAR 7: assigned [mem 0xfbd80000-0xfbd8ffff 64bit]
Jun  5 11:08:37 red-1 kernel: pci 0000:b5:00.0: BAR 9: assigned [mem 0xfbd90000-0xfbd9ffff 64bit]
Jun  5 11:08:37 red-1 kernel: pci 0000:b4:00.0: PCI bridge to [bus b5]
Jun  5 11:08:37 red-1 kernel: pci 0000:b4:00.0:   bridge window [mem 0xfbd00000-0xfbdfffff]
Jun  5 11:08:37 red-1 kernel: pci 0000:b6:00.0: BAR 7: assigned [mem 0xfbc80000-0xfbc8ffff 64bit]
Jun  5 11:08:37 red-1 kernel: pci 0000:b6:00.0: BAR 9: assigned [mem 0xfbc90000-0xfbc9ffff 64bit]
Jun  5 11:08:37 red-1 kernel: pci 0000:b4:02.0: PCI bridge to [bus b6]
Jun  5 11:08:37 red-1 kernel: pci 0000:b4:02.0:   bridge window [mem 0xfbc00000-0xfbcfffff]
Jun  5 11:08:37 red-1 kernel: pci 0000:b7:00.0: BAR 7: no space for [mem size 0x00800000 64bit pref]
Jun  5 11:08:37 red-1 kernel: pci 0000:b7:00.0: BAR 7: failed to assign [mem size 0x00800000 64bit pref]
Jun  5 11:08:37 red-1 kernel: pci 0000:b7:00.1: BAR 7: no space for [mem size 0x00800000 64bit pref]
Jun  5 11:08:37 red-1 kernel: pci 0000:b7:00.1: BAR 7: failed to assign [mem size 0x00800000 64bit pref]
Jun  5 11:08:37 red-1 kernel: pci 0000:b7:00.0: BAR 10: no space for [mem size 0x00100000 64bit pref]
Jun  5 11:08:37 red-1 kernel: pci 0000:b7:00.0: BAR 10: failed to assign [mem size 0x00100000 64bit pref]
Jun  5 11:08:37 red-1 kernel: pci 0000:b7:00.1: BAR 10: no space for [mem size 0x00100000 64bit pref]
Jun  5 11:08:37 red-1 kernel: pci 0000:b7:00.1: BAR 10: failed to assign [mem size 0x00100000 64bit pref]
Jun  5 11:08:37 red-1 kernel: pci 0000:b4:03.0: PCI bridge to [bus b7]
Jun  5 11:08:37 red-1 kernel: pci 0000:b4:03.0:   bridge window [mem 0xfbb00000-0xfbbfffff]
Jun  5 11:08:37 red-1 kernel: pci 0000:b4:03.0:   bridge window [mem 0xf9000000-0xfb0fffff 64bit pref]
Jun  5 11:08:37 red-1 kernel: pci 0000:b3:00.0: PCI bridge to [bus b4-b7]
Jun  5 11:08:37 red-1 kernel: pci 0000:b3:00.0:   bridge window [mem 0xfbb00000-0xfbdfffff]
Jun  5 11:08:37 red-1 kernel: pci 0000:b3:00.0:   bridge window [mem 0xf9000000-0xfb0fffff 64bit pref]
Jun  5 11:08:37 red-1 kernel: pci 0000:b2:00.0: PCI bridge to [bus b3-b7]
Jun  5 11:08:37 red-1 kernel: pci 0000:b2:00.0:   bridge window [mem 0xfba00000-0xfbefffff]
Jun  5 11:08:37 red-1 kernel: pci 0000:b2:00.0:   bridge window [mem 0xf9000000-0xfb0fffff 64bit pref]
Jun  5 11:08:37 red-1 kernel: pci_bus 0000:b2: Some PCI device resources are unassigned, try booting with pci=realloc
Jun  5 11:08:37 red-1 kernel: NET: Registered protocol family 2
Jun  5 11:08:37 red-1 kernel: TCP established hash table entries: 262144 (order: 9, 2097152 bytes)
Jun  5 11:08:37 red-1 kernel: TCP bind hash table entries: 65536 (order: 8, 1048576 bytes)
Jun  5 11:08:37 red-1 kernel: TCP: Hash tables configured (established 262144 bind 65536)
Jun  5 11:08:37 red-1 kernel: TCP: reno registered
Jun  5 11:08:37 red-1 kernel: UDP hash table entries: 16384 (order: 7, 524288 bytes)
Jun  5 11:08:37 red-1 kernel: UDP-Lite hash table entries: 16384 (order: 7, 524288 bytes)
Jun  5 11:08:37 red-1 kernel: NET: Registered protocol family 1
Jun  5 11:08:37 red-1 kernel: Unpacking initramfs...
Jun  5 11:08:37 red-1 kernel: Freeing initrd memory: 20956k freed
Jun  5 11:08:37 red-1 kernel: PCI-DMA: Using software bounce buffering for IO (SWIOTLB)
Jun  5 11:08:37 red-1 kernel: software IO TLB [mem 0x62d59000-0x66d59000] (64MB) mapped at [ffff9c2de2d59000-ffff9c2de6d58fff]
Jun  5 11:08:37 red-1 kernel: RAPL PMU: API unit is 2^-32 Joules, 3 fixed counters, 655360 ms ovfl timer
Jun  5 11:08:37 red-1 kernel: RAPL PMU: hw unit of domain pp0-core 2^-14 Joules
Jun  5 11:08:37 red-1 kernel: RAPL PMU: hw unit of domain package 2^-14 Joules
Jun  5 11:08:37 red-1 kernel: RAPL PMU: hw unit of domain dram 2^-16 Joules
Jun  5 11:08:37 red-1 kernel: sha1_ssse3: Using AVX2 optimized SHA-1 implementation
Jun  5 11:08:37 red-1 kernel: sha256_ssse3: Using AVX2 optimized SHA-256 implementation
Jun  5 11:08:37 red-1 kernel: futex hash table entries: 32768 (order: 9, 2097152 bytes)
Jun  5 11:08:37 red-1 kernel: Initialise system trusted keyring
Jun  5 11:08:37 red-1 kernel: audit: initializing netlink socket (disabled)
Jun  5 11:08:37 red-1 kernel: type=2000 audit(1559747314.984:1): initialized
Jun  5 11:08:37 red-1 kernel: HugeTLB registered 1 GB page size, pre-allocated 0 pages
Jun  5 11:08:37 red-1 kernel: HugeTLB registered 2 MB page size, pre-allocated 0 pages
Jun  5 11:08:37 red-1 kernel: zpool: loaded
Jun  5 11:08:37 red-1 kernel: zbud: loaded
Jun  5 11:08:37 red-1 kernel: VFS: Disk quotas dquot_6.5.2
Jun  5 11:08:37 red-1 kernel: Dquot-cache hash table entries: 512 (order 0, 4096 bytes)
Jun  5 11:08:37 red-1 kernel: msgmni has been set to 32768
Jun  5 11:08:37 red-1 kernel: Key type big_key registered
Jun  5 11:08:37 red-1 kernel: NET: Registered protocol family 38
Jun  5 11:08:37 red-1 kernel: Key type asymmetric registered
Jun  5 11:08:37 red-1 kernel: Asymmetric key parser 'x509' registered
Jun  5 11:08:37 red-1 kernel: Block layer SCSI generic (bsg) driver version 0.4 loaded (major 248)
Jun  5 11:08:37 red-1 kernel: io scheduler noop registered
Jun  5 11:08:37 red-1 kernel: io scheduler deadline registered (default)
Jun  5 11:08:37 red-1 kernel: io scheduler cfq registered
Jun  5 11:08:37 red-1 kernel: io scheduler mq-deadline registered
Jun  5 11:08:37 red-1 kernel: io scheduler kyber registered
Jun  5 11:08:37 red-1 kernel: pcieport 0000:00:1c.0: Signaling PME through PCIe PME interrupt
Jun  5 11:08:37 red-1 kernel: pcieport 0000:00:1c.4: Signaling PME through PCIe PME interrupt
Jun  5 11:08:37 red-1 kernel: pci 0000:02:00.0: Signaling PME through PCIe PME interrupt
Jun  5 11:08:37 red-1 kernel: pci 0000:03:00.0: Signaling PME through PCIe PME interrupt
Jun  5 11:08:37 red-1 kernel: pcieport 0000:16:00.0: Signaling PME through PCIe PME interrupt
Jun  5 11:08:37 red-1 kernel: pci 0000:17:00.0: Signaling PME through PCIe PME interrupt
Jun  5 11:08:37 red-1 kernel: pci 0000:17:00.1: Signaling PME through PCIe PME interrupt
Jun  5 11:08:37 red-1 kernel: pcieport 0000:b2:00.0: Signaling PME through PCIe PME interrupt
Jun  5 11:08:37 red-1 kernel: pcieport 0000:b3:00.0: Signaling PME through PCIe PME interrupt
Jun  5 11:08:37 red-1 kernel: pcieport 0000:b4:00.0: Signaling PME through PCIe PME interrupt
Jun  5 11:08:37 red-1 kernel: pci 0000:b5:00.0: Signaling PME through PCIe PME interrupt
Jun  5 11:08:37 red-1 kernel: pcieport 0000:b4:02.0: Signaling PME through PCIe PME interrupt
Jun  5 11:08:37 red-1 kernel: pci 0000:b6:00.0: Signaling PME through PCIe PME interrupt
Jun  5 11:08:37 red-1 kernel: pcieport 0000:b4:03.0: Signaling PME through PCIe PME interrupt
Jun  5 11:08:37 red-1 kernel: pci 0000:b7:00.0: Signaling PME through PCIe PME interrupt
Jun  5 11:08:37 red-1 kernel: pci 0000:b7:00.1: Signaling PME through PCIe PME interrupt
Jun  5 11:08:37 red-1 kernel: pci_hotplug: PCI Hot Plug PCI Core version: 0.5
Jun  5 11:08:37 red-1 kernel: pciehp: PCI Express Hot Plug Controller Driver version: 0.4
Jun  5 11:08:37 red-1 kernel: shpchp: Standard Hot Plug PCI Controller Driver version: 0.4
Jun  5 11:08:37 red-1 kernel: efifb: probing for efifb
Jun  5 11:08:37 red-1 kernel: efifb: framebuffer at 0xa9000000, mapped to 0xffffa95203c00000, using 3072k, total 3072k
Jun  5 11:08:37 red-1 kernel: efifb: mode is 1024x768x32, linelength=4096, pages=1
Jun  5 11:08:37 red-1 kernel: efifb: scrolling: redraw
Jun  5 11:08:37 red-1 kernel: efifb: Truecolor: size=8:8:8:8, shift=24:16:8:0
Jun  5 11:08:37 red-1 kernel: Console: switching to colour frame buffer device 128x48
Jun  5 11:08:37 red-1 kernel: fb0: EFI VGA frame buffer device
Jun  5 11:08:37 red-1 kernel: input: Power Button as /devices/LNXSYSTM:00/LNXPWRBN:00/input/input0
Jun  5 11:08:37 red-1 kernel: ACPI: Power Button [PWRF]
Jun  5 11:08:37 red-1 kernel: ACPI: Requesting acpi_cpufreq
Jun  5 11:08:37 red-1 kernel: ERST: Error Record Serialization Table (ERST) support is initialized.
Jun  5 11:08:37 red-1 kernel: pstore: Registered erst as persistent store backend
Jun  5 11:08:37 red-1 kernel: GHES: APEI firmware first mode is enabled by APEI bit and WHEA _OSC.
Jun  5 11:08:37 red-1 kernel: Serial: 8250/16550 driver, 4 ports, IRQ sharing enabled
Jun  5 11:08:37 red-1 kernel: 00:03: ttyS0 at I/O 0x3f8 (irq = 4) is a 16550A
Jun  5 11:08:37 red-1 kernel: 00:04: ttyS1 at I/O 0x2f8 (irq = 3) is a 16550A
Jun  5 11:08:37 red-1 kernel: Non-volatile memory driver v1.3
Jun  5 11:08:37 red-1 kernel: Linux agpgart interface v0.103
Jun  5 11:08:37 red-1 kernel: tpm_tis MSFT0101:00: 2.0 TPM (device-id 0x1B, rev-id 16)
Jun  5 11:08:37 red-1 kernel: crash memory driver: version 1.1
Jun  5 11:08:37 red-1 kernel: rdac: device handler registered
Jun  5 11:08:37 red-1 kernel: hp_sw: device handler registered
Jun  5 11:08:37 red-1 kernel: emc: device handler registered
Jun  5 11:08:37 red-1 kernel: alua: device handler registered
Jun  5 11:08:37 red-1 kernel: libphy: Fixed MDIO Bus: probed
Jun  5 11:08:37 red-1 kernel: ehci_hcd: USB 2.0 'Enhanced' Host Controller (EHCI) Driver
Jun  5 11:08:37 red-1 kernel: ehci-pci: EHCI PCI platform driver
Jun  5 11:08:37 red-1 kernel: ohci_hcd: USB 1.1 'Open' Host Controller (OHCI) Driver
Jun  5 11:08:37 red-1 kernel: ohci-pci: OHCI PCI platform driver
Jun  5 11:08:37 red-1 kernel: uhci_hcd: USB Universal Host Controller Interface driver
Jun  5 11:08:37 red-1 kernel: xhci_hcd 0000:00:14.0: xHCI Host Controller
Jun  5 11:08:37 red-1 kernel: xhci_hcd 0000:00:14.0: new USB bus registered, assigned bus number 1
Jun  5 11:08:37 red-1 kernel: xhci_hcd 0000:00:14.0: hcc params 0x200077c1 hci version 0x100 quirks 0x00009810
Jun  5 11:08:37 red-1 kernel: usb usb1: New USB device found, idVendor=1d6b, idProduct=0002
Jun  5 11:08:37 red-1 kernel: usb usb1: New USB device strings: Mfr=3, Product=2, SerialNumber=1
Jun  5 11:08:37 red-1 kernel: usb usb1: Product: xHCI Host Controller
Jun  5 11:08:37 red-1 kernel: usb usb1: Manufacturer: Linux 3.10.0-957.10.1.el7.x86_64 xhci-hcd
Jun  5 11:08:37 red-1 kernel: usb usb1: SerialNumber: 0000:00:14.0
Jun  5 11:08:37 red-1 kernel: hub 1-0:1.0: USB hub found
Jun  5 11:08:37 red-1 kernel: hub 1-0:1.0: 16 ports detected
Jun  5 11:08:37 red-1 kernel: xhci_hcd 0000:00:14.0: xHCI Host Controller
Jun  5 11:08:37 red-1 kernel: xhci_hcd 0000:00:14.0: new USB bus registered, assigned bus number 2
Jun  5 11:08:37 red-1 kernel: usb usb2: New USB device found, idVendor=1d6b, idProduct=0003
Jun  5 11:08:37 red-1 kernel: usb usb2: New USB device strings: Mfr=3, Product=2, SerialNumber=1
Jun  5 11:08:37 red-1 kernel: usb usb2: Product: xHCI Host Controller
Jun  5 11:08:37 red-1 kernel: usb usb2: Manufacturer: Linux 3.10.0-957.10.1.el7.x86_64 xhci-hcd
Jun  5 11:08:37 red-1 kernel: usb usb2: SerialNumber: 0000:00:14.0
Jun  5 11:08:37 red-1 kernel: hub 2-0:1.0: USB hub found
Jun  5 11:08:37 red-1 kernel: hub 2-0:1.0: 10 ports detected
Jun  5 11:08:37 red-1 kernel: usb: port power management may be unreliable
Jun  5 11:08:37 red-1 kernel: usbcore: registered new interface driver usbserial_generic
Jun  5 11:08:37 red-1 kernel: usbserial: USB Serial support registered for generic
Jun  5 11:08:37 red-1 kernel: i8042: PNP: No PS/2 controller found. Probing ports directly.
Jun  5 11:08:37 red-1 kernel: i8042: No controller found
Jun  5 11:08:37 red-1 kernel: mousedev: PS/2 mouse device common for all mice
Jun  5 11:08:37 red-1 kernel: tsc: Refined TSC clocksource calibration: 1995.312 MHz
Jun  5 11:08:37 red-1 kernel: Switched to clocksource tsc
Jun  5 11:08:37 red-1 kernel: rtc_cmos 00:00: RTC can wake from S4
Jun  5 11:08:37 red-1 kernel: rtc_cmos 00:00: rtc core: registered rtc_cmos as rtc0
Jun  5 11:08:37 red-1 kernel: rtc_cmos 00:00: alarms up to one month, y3k, 114 bytes nvram, hpet irqs
Jun  5 11:08:37 red-1 kernel: cpuidle: using governor menu
Jun  5 11:08:37 red-1 kernel: EFI Variables Facility v0.08 2004-May-17
Jun  5 11:08:37 red-1 kernel: hidraw: raw HID events driver (C) Jiri Kosina
Jun  5 11:08:37 red-1 kernel: usbcore: registered new interface driver usbhid
Jun  5 11:08:37 red-1 kernel: usbhid: USB HID core driver
Jun  5 11:08:37 red-1 kernel: Detected 1 PCC Subspaces
Jun  5 11:08:37 red-1 kernel: Registering PCC driver as Mailbox controller
Jun  5 11:08:37 red-1 kernel: drop_monitor: Initializing network drop monitor service
Jun  5 11:08:37 red-1 kernel: TCP: cubic registered
Jun  5 11:08:37 red-1 kernel: Initializing XFRM netlink socket
Jun  5 11:08:37 red-1 kernel: NET: Registered protocol family 10
Jun  5 11:08:37 red-1 kernel: NET: Registered protocol family 17
Jun  5 11:08:37 red-1 kernel: mpls_gso: MPLS GSO support
Jun  5 11:08:37 red-1 kernel: intel_rdt: Intel RDT MB allocation detected
Jun  5 11:08:37 red-1 kernel: microcode: sig=0x50654, pf=0x10, revision=0x200004d
Jun  5 11:08:37 red-1 kernel: microcode: Microcode Update Driver: v2.01 <tigran@aivazian.fsnet.co.uk>, Peter Oruba
Jun  5 11:08:37 red-1 kernel: Loading compiled-in X.509 certificates
Jun  5 11:08:37 red-1 kernel: Loaded X.509 cert 'Red Hat Enterprise Linux Driver Update Program (key 3): bf57f3e87362bc7229d9f465321773dfd1f77a80'
Jun  5 11:08:37 red-1 kernel: Loaded X.509 cert 'Red Hat Enterprise Linux kpatch signing key: 4d38fd864ebe18c5f0b72e3852e2014c3a676fc8'
Jun  5 11:08:37 red-1 kernel: Loaded X.509 cert 'Red Hat Enterprise Linux kernel signing key: a57018dfb6c9d61fcfce0a3d028bb369bd76caed'
Jun  5 11:08:37 red-1 kernel: registered taskstats version 1
Jun  5 11:08:37 red-1 kernel: Key type trusted registered
Jun  5 11:08:37 red-1 kernel: Key type encrypted registered
Jun  5 11:08:37 red-1 kernel:  Magic number: 7:31:133
Jun  5 11:08:37 red-1 kernel: acpi device:08: hash matches
Jun  5 11:08:37 red-1 kernel: rtc_cmos 00:00: setting system clock to 2019-06-05 15:08:37 UTC (1559747317)
Jun  5 11:08:37 red-1 kernel: Freeing unused kernel memory: 1876k freed
Jun  5 11:08:37 red-1 kernel: Write protecting the kernel read-only data: 12288k
Jun  5 11:08:37 red-1 kernel: Freeing unused kernel memory: 512k freed
Jun  5 11:08:37 red-1 kernel: Freeing unused kernel memory: 600k freed
Jun  5 11:08:37 red-1 kernel: random: systemd: uninitialized urandom read (16 bytes read)
Jun  5 11:08:37 red-1 kernel: random: systemd: uninitialized urandom read (16 bytes read)
Jun  5 11:08:37 red-1 kernel: random: systemd: uninitialized urandom read (16 bytes read)
Jun  5 11:08:37 red-1 systemd[1]: systemd 219 running in system mode. (+PAM +AUDIT +SELINUX +IMA -APPARMOR +SMACK +SYSVINIT +UTMP +LIBCRYPTSETUP +GCRYPT +GNUTLS +ACL +XZ +LZ4 -SECCOMP +BLKID +ELFUTILS +KMOD +IDN)
Jun  5 11:08:37 red-1 systemd[1]: Detected architecture x86-64.
Jun  5 11:08:37 red-1 systemd[1]: Running in initial RAM disk.
Jun  5 11:08:37 red-1 systemd[1]: Set hostname to <localhost.localdomain>.
Jun  5 11:08:37 red-1 kernel: random: systemd: uninitialized urandom read (16 bytes read)
Jun  5 11:08:37 red-1 kernel: random: systemd: uninitialized urandom read (16 bytes read)
Jun  5 11:08:37 red-1 kernel: random: systemd: uninitialized urandom read (16 bytes read)
Jun  5 11:08:37 red-1 kernel: random: systemd: uninitialized urandom read (16 bytes read)
Jun  5 11:08:37 red-1 kernel: random: systemd: uninitialized urandom read (16 bytes read)
Jun  5 11:08:37 red-1 kernel: random: systemd: uninitialized urandom read (16 bytes read)
Jun  5 11:08:37 red-1 kernel: random: systemd: uninitialized urandom read (16 bytes read)
Jun  5 11:08:37 red-1 systemd[1]: Created slice Root Slice.
Jun  5 11:08:37 red-1 systemd[1]: Reached target Timers.
Jun  5 11:08:37 red-1 systemd[1]: Reached target Swap.
Jun  5 11:08:37 red-1 systemd[1]: Created slice System Slice.
Jun  5 11:08:37 red-1 systemd[1]: Reached target Slices.
Jun  5 11:08:37 red-1 systemd[1]: Listening on udev Control Socket.
Jun  5 11:08:37 red-1 systemd[1]: Listening on Journal Socket.
Jun  5 11:08:37 red-1 systemd[1]: Starting Setup Virtual Console...
Jun  5 11:08:37 red-1 systemd[1]: Starting Create list of required static device nodes for the current kernel...
Jun  5 11:08:37 red-1 systemd[1]: Starting dracut cmdline hook...
Jun  5 11:08:37 red-1 systemd[1]: Starting Journal Service...
Jun  5 11:08:37 red-1 systemd[1]: Reached target Local File Systems.
Jun  5 11:08:37 red-1 systemd[1]: Starting Apply Kernel Variables...
Jun  5 11:08:37 red-1 systemd[1]: Listening on udev Kernel Socket.
Jun  5 11:08:37 red-1 systemd[1]: Reached target Sockets.
Jun  5 11:08:37 red-1 systemd[1]: Started Create list of required static device nodes for the current kernel.
Jun  5 11:08:37 red-1 systemd[1]: Starting Create Static Device Nodes in /dev...
Jun  5 11:08:37 red-1 systemd[1]: Started Apply Kernel Variables.
Jun  5 11:08:37 red-1 kernel: usb 1-1: new low-speed USB device number 2 using xhci_hcd
Jun  5 11:08:37 red-1 systemd[1]: Started Create Static Device Nodes in /dev.
Jun  5 11:08:37 red-1 journal: Journal started
Jun  5 11:08:37 red-1 systemd[1]: Started Journal Service.
Jun  5 11:08:37 red-1 systemd: Started Setup Virtual Console.
Jun  5 11:08:37 red-1 systemd: Started dracut cmdline hook.
Jun  5 11:08:37 red-1 systemd: Starting dracut pre-udev hook...
Jun  5 11:08:37 red-1 kernel: usb 1-1: New USB device found, idVendor=413c, idProduct=2107
Jun  5 11:08:37 red-1 kernel: usb 1-1: New USB device strings: Mfr=1, Product=2, SerialNumber=0
Jun  5 11:08:37 red-1 kernel: usb 1-1: Product: Dell USB Entry Keyboard
Jun  5 11:08:37 red-1 kernel: usb 1-1: Manufacturer: DELL
Jun  5 11:08:37 red-1 kernel: input: DELL Dell USB Entry Keyboard as /devices/pci0000:00/0000:00:14.0/usb1/1-1/1-1:1.0/input/input1
Jun  5 11:08:37 red-1 kernel: device-mapper: uevent: version 1.0.3
Jun  5 11:08:37 red-1 kernel: device-mapper: ioctl: 4.37.1-ioctl (2018-04-03) initialised: dm-devel@redhat.com
Jun  5 11:08:37 red-1 kernel: hid-generic 0003:413C:2107.0001: input,hidraw0: USB HID v1.10 Keyboard [DELL Dell USB Entry Keyboard] on usb-0000:00:14.0-1/input0
Jun  5 11:08:37 red-1 systemd: Started dracut pre-udev hook.
Jun  5 11:08:37 red-1 systemd: Starting udev Kernel Device Manager...
Jun  5 11:08:37 red-1 systemd-udevd: starting version 219
Jun  5 11:08:37 red-1 systemd: Started udev Kernel Device Manager.
Jun  5 11:08:37 red-1 systemd: Starting udev Coldplug all Devices...
Jun  5 11:08:37 red-1 systemd: Mounting Configuration File System...
Jun  5 11:08:37 red-1 systemd: Mounted Configuration File System.
Jun  5 11:08:37 red-1 systemd: Started udev Coldplug all Devices.
Jun  5 11:08:37 red-1 systemd: Reached target System Initialization.
Jun  5 11:08:37 red-1 systemd: Starting dracut initqueue hook...
Jun  5 11:08:37 red-1 kernel: usb 1-3: new high-speed USB device number 3 using xhci_hcd
Jun  5 11:08:37 red-1 systemd: Starting Show Plymouth Boot Screen...
Jun  5 11:08:37 red-1 systemd: Started Show Plymouth Boot Screen.
Jun  5 11:08:37 red-1 systemd: Started Forward Password Requests to Plymouth Directory Watch.
Jun  5 11:08:37 red-1 systemd: Reached target Paths.
Jun  5 11:08:37 red-1 systemd: Reached target Basic System.
Jun  5 11:08:37 red-1 kernel: pps_core: LinuxPPS API ver. 1 registered
Jun  5 11:08:37 red-1 kernel: pps_core: Software ver. 5.3.6 - Copyright 2005-2007 Rodolfo Giometti <giometti@linux.it>
Jun  5 11:08:37 red-1 kernel: PTP clock support registered
Jun  5 11:08:38 red-1 kernel: usb 1-3: New USB device found, idVendor=0557, idProduct=7000
Jun  5 11:08:38 red-1 kernel: usb 1-3: New USB device strings: Mfr=0, Product=0, SerialNumber=0
Jun  5 11:08:38 red-1 kernel: hub 1-3:1.0: USB hub found
Jun  5 11:08:38 red-1 kernel: hub 1-3:1.0: 4 ports detected
Jun  5 11:08:38 red-1 kernel: i40e: Intel(R) Ethernet Connection XL710 Network Driver - version 2.3.2-k
Jun  5 11:08:38 red-1 kernel: i40e: Copyright (c) 2013 - 2014 Intel Corporation.
Jun  5 11:08:38 red-1 kernel: i40e 0000:17:00.0: enabling device (0100 -> 0102)
Jun  5 11:08:38 red-1 kernel: i40e 0000:17:00.0: fw 6.0.48442 api 1.7 nvm 6.01 0x80003497 0.0.0
Jun  5 11:08:38 red-1 kernel: ahci 0000:00:11.5: AHCI 0001.0301 32 slots 5 ports 6 Gbps 0x1f impl SATA mode
Jun  5 11:08:38 red-1 kernel: ahci 0000:00:11.5: flags: 64bit ncq sntf led clo only pio slum part ems deso sadm sds apst 
Jun  5 11:08:38 red-1 kernel: scsi host0: ahci
Jun  5 11:08:38 red-1 kernel: scsi host1: ahci
Jun  5 11:08:38 red-1 kernel: scsi host2: ahci
Jun  5 11:08:38 red-1 kernel: scsi host3: ahci
Jun  5 11:08:38 red-1 kernel: scsi host4: ahci
Jun  5 11:08:38 red-1 kernel: ata1: SATA max UDMA/133 abar m524288@0xaa180000 port 0xaa180100 irq 34
Jun  5 11:08:38 red-1 kernel: ata2: SATA max UDMA/133 abar m524288@0xaa180000 port 0xaa180180 irq 34
Jun  5 11:08:38 red-1 kernel: ata3: SATA max UDMA/133 abar m524288@0xaa180000 port 0xaa180200 irq 34
Jun  5 11:08:38 red-1 kernel: ata4: SATA max UDMA/133 abar m524288@0xaa180000 port 0xaa180280 irq 34
Jun  5 11:08:38 red-1 kernel: ata5: SATA max UDMA/133 abar m524288@0xaa180000 port 0xaa180300 irq 34
Jun  5 11:08:38 red-1 kernel: ahci 0000:00:17.0: AHCI 0001.0301 32 slots 4 ports 6 Gbps 0xf0 impl SATA mode
Jun  5 11:08:38 red-1 kernel: ahci 0000:00:17.0: flags: 64bit ncq sntf led clo only pio slum part ems deso sadm sds apst 
Jun  5 11:08:38 red-1 kernel: scsi host5: ahci
Jun  5 11:08:38 red-1 kernel: scsi host6: ahci
Jun  5 11:08:38 red-1 kernel: scsi host7: ahci
Jun  5 11:08:38 red-1 kernel: scsi host8: ahci
Jun  5 11:08:38 red-1 kernel: scsi host9: ahci
Jun  5 11:08:38 red-1 kernel: scsi host10: ahci
Jun  5 11:08:38 red-1 kernel: scsi host11: ahci
Jun  5 11:08:38 red-1 kernel: scsi host12: ahci
Jun  5 11:08:38 red-1 kernel: ata6: DUMMY
Jun  5 11:08:38 red-1 kernel: ata7: DUMMY
Jun  5 11:08:38 red-1 kernel: ata8: DUMMY
Jun  5 11:08:38 red-1 kernel: ata9: DUMMY
Jun  5 11:08:38 red-1 kernel: ata10: SATA max UDMA/133 abar m524288@0xaa100000 port 0xaa100300 irq 35
Jun  5 11:08:38 red-1 kernel: ata11: SATA max UDMA/133 abar m524288@0xaa100000 port 0xaa100380 irq 35
Jun  5 11:08:38 red-1 kernel: ata12: SATA max UDMA/133 abar m524288@0xaa100000 port 0xaa100400 irq 35
Jun  5 11:08:38 red-1 kernel: ata13: SATA max UDMA/133 abar m524288@0xaa100000 port 0xaa100480 irq 35
Jun  5 11:08:38 red-1 kernel: [drm] Using P2A bridge for configuration
Jun  5 11:08:38 red-1 kernel: [drm] AST 2500 detected
Jun  5 11:08:38 red-1 kernel: [drm] Analog VGA only
Jun  5 11:08:38 red-1 kernel: [drm] dram MCLK=800 Mhz type=7 bus_width=16 size=00f00000
Jun  5 11:08:38 red-1 kernel: [TTM] Zone  kernel: Available graphics memory: 16205760 kiB
Jun  5 11:08:38 red-1 kernel: [TTM] Zone   dma32: Available graphics memory: 2097152 kiB
Jun  5 11:08:38 red-1 kernel: [TTM] Initializing pool allocator
Jun  5 11:08:38 red-1 kernel: [TTM] Initializing DMA pool allocator
Jun  5 11:08:38 red-1 kernel: usb 1-4: new high-speed USB device number 4 using xhci_hcd
Jun  5 11:08:38 red-1 kernel: fb: conflicting fb hw usage astdrmfb vs EFI VGA - removing generic driver
Jun  5 11:08:38 red-1 kernel: Console: switching to colour dummy device 80x25
Jun  5 11:08:38 red-1 kernel: fbcon: astdrmfb (fb0) is primary device
Jun  5 11:08:38 red-1 kernel: Console: switching to colour frame buffer device 160x64
Jun  5 11:08:38 red-1 kernel: ast 0000:03:00.0: fb0: astdrmfb frame buffer device
Jun  5 11:08:38 red-1 kernel: usb 1-4: New USB device found, idVendor=05e3, idProduct=0610
Jun  5 11:08:38 red-1 kernel: usb 1-4: New USB device strings: Mfr=0, Product=1, SerialNumber=0
Jun  5 11:08:38 red-1 kernel: usb 1-4: Product: USB2.0 Hub
Jun  5 11:08:38 red-1 kernel: hub 1-4:1.0: USB hub found
Jun  5 11:08:38 red-1 kernel: hub 1-4:1.0: 4 ports detected
Jun  5 11:08:38 red-1 kernel: i40e 0000:17:00.0: MAC address: 10:4d:77:02:00:0a
Jun  5 11:08:38 red-1 kernel: i40e 0000:17:00.0 eth0: NIC Link is Up, 10 Gbps Full Duplex, Flow Control: None
Jun  5 11:08:38 red-1 kernel: i40e 0000:17:00.0: PCI-Express: Speed 8.0GT/s Width x8
Jun  5 11:08:38 red-1 kernel: i40e 0000:17:00.0: Features: PF-id[0] VFs: 64 VSIs: 66 QP: 24 RSS FD_ATR FD_SB NTUPLE DCB VxLAN Geneve PTP VEPA
Jun  5 11:08:38 red-1 kernel: i40e 0000:17:00.1: enabling device (0100 -> 0102)
Jun  5 11:08:38 red-1 kernel: [drm] Initialized ast 0.1.0 20120228 for 0000:03:00.0 on minor 0
Jun  5 11:08:38 red-1 kernel: i40e 0000:17:00.1: fw 6.0.48442 api 1.7 nvm 6.01 0x80003497 0.0.0
Jun  5 11:08:38 red-1 kernel: usb 1-3.1: new low-speed USB device number 5 using xhci_hcd
Jun  5 11:08:38 red-1 kernel: ata1: SATA link down (SStatus 0 SControl 300)
Jun  5 11:08:38 red-1 kernel: ata4: SATA link up 6.0 Gbps (SStatus 133 SControl 300)
Jun  5 11:08:38 red-1 kernel: ata3: SATA link down (SStatus 0 SControl 300)
Jun  5 11:08:38 red-1 kernel: ata4.00: ATA-10: INTEL SSDSC2BB800G7, N2010121, max UDMA/133
Jun  5 11:08:38 red-1 kernel: ata4.00: 1562824368 sectors, multi 1: LBA48 NCQ (depth 31/32)
Jun  5 11:08:38 red-1 kernel: ata4.00: configured for UDMA/133
Jun  5 11:08:38 red-1 kernel: ata2: SATA link down (SStatus 0 SControl 300)
Jun  5 11:08:38 red-1 kernel: ata5: SATA link down (SStatus 0 SControl 300)
Jun  5 11:08:38 red-1 kernel: scsi 3:0:0:0: Direct-Access     ATA      INTEL SSDSC2BB80 0121 PQ: 0 ANSI: 5
Jun  5 11:08:38 red-1 kernel: ata10: SATA link down (SStatus 0 SControl 300)
Jun  5 11:08:38 red-1 kernel: ata11: SATA link down (SStatus 0 SControl 300)
Jun  5 11:08:38 red-1 kernel: ata13: SATA link down (SStatus 0 SControl 300)
Jun  5 11:08:38 red-1 kernel: ata12: SATA link down (SStatus 0 SControl 300)
Jun  5 11:08:38 red-1 kernel: usb 1-3.1: New USB device found, idVendor=0557, idProduct=2419
Jun  5 11:08:38 red-1 kernel: usb 1-3.1: New USB device strings: Mfr=0, Product=0, SerialNumber=0
Jun  5 11:08:38 red-1 kernel: input: HID 0557:2419 as /devices/pci0000:00/0000:00:14.0/usb1/1-3/1-3.1/1-3.1:1.0/input/input2
Jun  5 11:08:38 red-1 kernel: hid-generic 0003:0557:2419.0002: input,hidraw1: USB HID v1.00 Keyboard [HID 0557:2419] on usb-0000:00:14.0-3.1/input0
Jun  5 11:08:38 red-1 kernel: input: HID 0557:2419 as /devices/pci0000:00/0000:00:14.0/usb1/1-3/1-3.1/1-3.1:1.1/input/input3
Jun  5 11:08:38 red-1 kernel: hid-generic 0003:0557:2419.0003: input,hidraw2: USB HID v1.00 Mouse [HID 0557:2419] on usb-0000:00:14.0-3.1/input1
Jun  5 11:08:38 red-1 kernel: usb 1-4.3: new full-speed USB device number 6 using xhci_hcd
Jun  5 11:08:38 red-1 kernel: i40e 0000:17:00.1: MAC address: 10:4d:77:02:00:0b
Jun  5 11:08:38 red-1 kernel: i40e 0000:17:00.1 eth1: NIC Link is Up, 10 Gbps Full Duplex, Flow Control: None
Jun  5 11:08:38 red-1 kernel: i40e 0000:17:00.1: PCI-Express: Speed 8.0GT/s Width x8
Jun  5 11:08:38 red-1 kernel: i40e 0000:17:00.1: Features: PF-id[1] VFs: 64 VSIs: 66 QP: 24 RSS FD_ATR FD_SB NTUPLE DCB VxLAN Geneve PTP VEPA
Jun  5 11:08:38 red-1 kernel: i40e 0000:b7:00.0: fw 3.1.55727 api 1.5 nvm 3.31 0x80000cdb 1.1747.0
Jun  5 11:08:38 red-1 kernel: i40e 0000:b7:00.0: MAC address: ac:1f:6b:71:31:3c
Jun  5 11:08:38 red-1 kernel: i40e 0000:b7:00.0 eth2: NIC Link is Up, 1000 Mbps Full Duplex, Flow Control: None
Jun  5 11:08:38 red-1 kernel: ata4.00: Enabling discard_zeroes_data
Jun  5 11:08:38 red-1 kernel: sd 3:0:0:0: [sda] 1562824368 512-byte logical blocks: (800 GB/745 GiB)
Jun  5 11:08:38 red-1 kernel: sd 3:0:0:0: [sda] 4096-byte physical blocks
Jun  5 11:08:38 red-1 kernel: sd 3:0:0:0: [sda] Write Protect is off
Jun  5 11:08:38 red-1 kernel: sd 3:0:0:0: [sda] Write cache: enabled, read cache: enabled, doesn't support DPO or FUA
Jun  5 11:08:38 red-1 kernel: ata4.00: Enabling discard_zeroes_data
Jun  5 11:08:38 red-1 kernel: i40e 0000:b7:00.0: Added LAN device PF0 bus=0xb7 dev=0x00 func=0x00
Jun  5 11:08:38 red-1 kernel: i40e 0000:b7:00.0: Features: PF-id[0] VFs: 64 VSIs: 66 QP: 24 RSS FD_ATR FD_SB NTUPLE DCB VxLAN Geneve PTP VEPA
Jun  5 11:08:38 red-1 kernel: sda: sda1 sda2 sda3
Jun  5 11:08:38 red-1 kernel: ata4.00: Enabling discard_zeroes_data
Jun  5 11:08:38 red-1 kernel: sd 3:0:0:0: [sda] Attached SCSI disk
Jun  5 11:08:38 red-1 kernel: usb 1-4.3: New USB device found, idVendor=0403, idProduct=6001
Jun  5 11:08:38 red-1 kernel: usb 1-4.3: New USB device strings: Mfr=1, Product=2, SerialNumber=3
Jun  5 11:08:38 red-1 kernel: usb 1-4.3: Product: FT232R USB UART
Jun  5 11:08:38 red-1 kernel: usb 1-4.3: Manufacturer: FTDI
Jun  5 11:08:38 red-1 kernel: usb 1-4.3: SerialNumber: A506X8XW
Jun  5 11:08:38 red-1 kernel: i40e 0000:b7:00.1: fw 3.1.55727 api 1.5 nvm 3.31 0x80000cdb 1.1747.0
Jun  5 11:08:38 red-1 kernel: i40e 0000:b7:00.1: MAC address: ac:1f:6b:71:31:3d
Jun  5 11:08:38 red-1 kernel: random: fast init done
Jun  5 11:08:38 red-1 kernel: i40e 0000:b7:00.1 eth3: NIC Link is Up, 10 Gbps Full Duplex, Flow Control: None
Jun  5 11:08:38 red-1 kernel: i40e 0000:b7:00.1: Added LAN device PF1 bus=0xb7 dev=0x00 func=0x01
Jun  5 11:08:38 red-1 kernel: i40e 0000:b7:00.1: Features: PF-id[1] VFs: 64 VSIs: 66 QP: 24 RSS FD_ATR FD_SB NTUPLE DCB VxLAN Geneve PTP VEPA
Jun  5 11:08:38 red-1 kernel: usb 1-4.4: new high-speed USB device number 7 using xhci_hcd
Jun  5 11:08:38 red-1 kernel: usb 1-4.4: New USB device found, idVendor=195e, idProduct=000a
Jun  5 11:08:38 red-1 kernel: usb 1-4.4: New USB device strings: Mfr=1, Product=2, SerialNumber=3
Jun  5 11:08:38 red-1 kernel: usb 1-4.4: Product: USB Mass Storage Device
Jun  5 11:08:38 red-1 kernel: usb 1-4.4: Manufacturer: Generic
Jun  5 11:08:38 red-1 kernel: usb 1-4.4: SerialNumber: 00000000812B
Jun  5 11:08:38 red-1 systemd: Found device /dev/mapper/rhel-root.
Jun  5 11:08:38 red-1 systemd: Starting File System Check on /dev/mapper/rhel-root...
Jun  5 11:08:38 red-1 systemd-fsck: /sbin/fsck.xfs: XFS file system.
Jun  5 11:08:38 red-1 systemd: Started File System Check on /dev/mapper/rhel-root.
Jun  5 11:08:38 red-1 systemd: Started dracut initqueue hook.
Jun  5 11:08:38 red-1 systemd: Mounting /sysroot...
Jun  5 11:08:38 red-1 systemd: Reached target Remote File Systems (Pre).
Jun  5 11:08:38 red-1 systemd: Reached target Remote File Systems.
Jun  5 11:08:39 red-1 kernel: SGI XFS with ACLs, security attributes, no debug enabled
Jun  5 11:08:39 red-1 kernel: XFS (dm-0): Mounting V5 Filesystem
Jun  5 11:08:39 red-1 kernel: XFS (dm-0): Starting recovery (logdev: internal)
Jun  5 11:08:39 red-1 kernel: XFS (dm-0): Ending recovery (logdev: internal)
Jun  5 11:08:39 red-1 systemd: Mounted /sysroot.
Jun  5 11:08:39 red-1 systemd: Reached target Initrd Root File System.
Jun  5 11:08:39 red-1 systemd: Starting Reload Configuration from the Real Root...
Jun  5 11:08:39 red-1 systemd: Reloading.
Jun  5 11:08:39 red-1 systemd: Started Reload Configuration from the Real Root.
Jun  5 11:08:39 red-1 systemd: Reached target Initrd File Systems.
Jun  5 11:08:39 red-1 systemd: Reached target Initrd Default Target.
Jun  5 11:08:39 red-1 systemd: Starting dracut pre-pivot and cleanup hook...
Jun  5 11:08:39 red-1 systemd: Started dracut pre-pivot and cleanup hook.
Jun  5 11:08:39 red-1 systemd: Starting Cleaning Up and Shutting Down Daemons...
Jun  5 11:08:39 red-1 systemd: Starting Plymouth switch root service...
Jun  5 11:08:39 red-1 systemd: Stopped target Timers.
Jun  5 11:08:39 red-1 systemd: Stopped Cleaning Up and Shutting Down Daemons.
Jun  5 11:08:39 red-1 systemd: Stopped dracut pre-pivot and cleanup hook.
Jun  5 11:08:39 red-1 systemd: Stopped target Remote File Systems.
Jun  5 11:08:39 red-1 systemd: Stopped target Remote File Systems (Pre).
Jun  5 11:08:39 red-1 systemd: Stopped dracut initqueue hook.
Jun  5 11:08:39 red-1 systemd: Stopped target Initrd Default Target.
Jun  5 11:08:39 red-1 systemd: Stopped target Basic System.
Jun  5 11:08:39 red-1 systemd: Stopped target Paths.
Jun  5 11:08:39 red-1 systemd: Stopped target Sockets.
Jun  5 11:08:39 red-1 systemd: Stopped target System Initialization.
Jun  5 11:08:39 red-1 systemd: Stopping udev Kernel Device Manager...
Jun  5 11:08:39 red-1 systemd: Stopped Apply Kernel Variables.
Jun  5 11:08:39 red-1 systemd: Stopped target Local File Systems.
Jun  5 11:08:39 red-1 systemd: Stopped target Swap.
Jun  5 11:08:39 red-1 systemd: Stopped udev Coldplug all Devices.
Jun  5 11:08:39 red-1 systemd: Stopped target Slices.
Jun  5 11:08:39 red-1 systemd: Stopped udev Kernel Device Manager.
Jun  5 11:08:39 red-1 systemd: Stopped Create Static Device Nodes in /dev.
Jun  5 11:08:39 red-1 systemd: Stopped Create list of required static device nodes for the current kernel.
Jun  5 11:08:39 red-1 systemd: Stopped dracut pre-udev hook.
Jun  5 11:08:39 red-1 systemd: Stopped dracut cmdline hook.
Jun  5 11:08:39 red-1 systemd: Closed udev Control Socket.
Jun  5 11:08:39 red-1 systemd: Closed udev Kernel Socket.
Jun  5 11:08:39 red-1 systemd: Starting Cleanup udevd DB...
Jun  5 11:08:39 red-1 systemd: Started Cleanup udevd DB.
Jun  5 11:08:39 red-1 systemd: Reached target Switch Root.
Jun  5 11:08:39 red-1 systemd: Started Plymouth switch root service.
Jun  5 11:08:39 red-1 systemd: Starting Switch Root...
Jun  5 11:08:39 red-1 systemd: Switching root.
Jun  5 11:08:39 red-1 journal: Journal stopped
Jun  5 11:08:39 red-1 journal: Runtime journal is using 8.0M (max allowed 1.5G, trying to leave 2.3G free of 15.4G available  current limit 1.5G).
Jun  5 11:08:39 red-1 systemd-journald[209]: Received SIGTERM from PID 1 (systemd).
Jun  5 11:08:39 red-1 kernel: type=1404 audit(1559747319.442:2): enforcing=1 old_enforcing=0 auid=4294967295 ses=4294967295
Jun  5 11:08:39 red-1 kernel: SELinux:  Class bpf not defined in policy.
Jun  5 11:08:39 red-1 kernel: SELinux: the above unknown classes and permissions will be allowed
Jun  5 11:08:39 red-1 kernel: type=1403 audit(1559747319.592:3): policy loaded auid=4294967295 ses=4294967295
Jun  5 11:08:39 red-1 systemd[1]: Successfully loaded SELinux policy in 155.887ms.
Jun  5 11:08:39 red-1 kernel: ip_tables: (C) 2000-2006 Netfilter Core Team
Jun  5 11:08:39 red-1 systemd[1]: Inserted module 'ip_tables'
Jun  5 11:08:39 red-1 systemd[1]: Relabelled /dev, /run and /sys/fs/cgroup in 19.405ms.
Jun  5 11:08:39 red-1 journal: Journal started
Jun  5 11:08:39 red-1 systemd: systemd 219 running in system mode. (+PAM +AUDIT +SELINUX +IMA -APPARMOR +SMACK +SYSVINIT +UTMP +LIBCRYPTSETUP +GCRYPT +GNUTLS +ACL +XZ +LZ4 -SECCOMP +BLKID +ELFUTILS +KMOD +IDN)
Jun  5 11:08:39 red-1 systemd: Detected architecture x86-64.
Jun  5 11:08:39 red-1 systemd: Set hostname to <red-1>.
Jun  5 11:08:39 red-1 systemd: Started Replay Read-Ahead Data.
Jun  5 11:08:39 red-1 systemd: Started Read and set NIS domainname from /etc/sysconfig/network.
Jun  5 11:08:39 red-1 systemd: Started Create list of required static device nodes for the current kernel.
Jun  5 11:08:39 red-1 systemd: Starting Create Static Device Nodes in /dev...
Jun  5 11:08:39 red-1 systemd: Starting Remount Root and Kernel File Systems...
Jun  5 11:08:39 red-1 systemd: Starting Apply Kernel Variables...
Jun  5 11:08:39 red-1 systemd: Started Remount Root and Kernel File Systems.
Jun  5 11:08:39 red-1 systemd: Starting udev Coldplug all Devices...
Jun  5 11:08:39 red-1 systemd: Starting Flush Journal to Persistent Storage...
Jun  5 11:08:39 red-1 systemd: Starting Configure read-only root support...
Jun  5 11:08:39 red-1 systemd: Started Apply Kernel Variables.
Jun  5 11:08:39 red-1 systemd: Started LVM2 metadata daemon.
Jun  5 11:08:39 red-1 systemd: Started Flush Journal to Persistent Storage.
Jun  5 11:08:39 red-1 systemd: Started Create Static Device Nodes in /dev.
Jun  5 11:08:39 red-1 systemd: Starting udev Kernel Device Manager...
Jun  5 11:08:39 red-1 systemd-udevd: starting version 219
Jun  5 11:08:39 red-1 systemd: Started Configure read-only root support.
Jun  5 11:08:39 red-1 systemd: Starting Load/Save Random Seed...
Jun  5 11:08:39 red-1 systemd: Started Load/Save Random Seed.
Jun  5 11:08:39 red-1 systemd: Started udev Kernel Device Manager.
Jun  5 11:08:39 red-1 systemd: Started udev Coldplug all Devices.
Jun  5 11:08:40 red-1 kernel: power_meter ACPI000D:00: Found ACPI power meter.
Jun  5 11:08:40 red-1 kernel: power_meter ACPI000D:00: Ignoring unsafe software power cap!
Jun  5 11:08:40 red-1 kernel: ipmi message handler version 39.2
Jun  5 11:08:40 red-1 kernel: ipmi device interface
Jun  5 11:08:40 red-1 kernel: IPMI System Interface driver.
Jun  5 11:08:40 red-1 kernel: ipmi_si ipmi_si.0: ipmi_platform: probing via SMBIOS
Jun  5 11:08:40 red-1 kernel: ipmi_si: SMBIOS: io 0xca2 regsize 1 spacing 1 irq 0
Jun  5 11:08:40 red-1 kernel: ipmi_si: Adding SMBIOS-specified kcs state machine
Jun  5 11:08:40 red-1 kernel: ipmi_si IPI0001:00: ipmi_platform: probing via ACPI
Jun  5 11:08:40 red-1 kernel: ipmi_si IPI0001:00: [io  0x0ca2] regsize 1 spacing 1 irq 0
Jun  5 11:08:40 red-1 kernel: ipmi_si ipmi_si.0: Removing SMBIOS-specified kcs state machine in favor of ACPI
Jun  5 11:08:40 red-1 kernel: ipmi_si: Adding ACPI-specified kcs state machine
Jun  5 11:08:40 red-1 kernel: ipmi_platform: probing via SPMI
Jun  5 11:08:40 red-1 kernel: ipmi_si: SPMI: io 0xca2 regsize 1 spacing 1 irq 0
Jun  5 11:08:40 red-1 kernel: (NULL device *): SPMI-specified kcs state machine: duplicate
Jun  5 11:08:40 red-1 kernel: ipmi_si: Trying ACPI-specified kcs state machine at i/o address 0xca2, slave address 0x20, irq 0
Jun  5 11:08:40 red-1 kernel: ipmi_si IPI0001:00: The BMC does not support clearing the recv irq bit, compensating, but the BMC needs to be fixed.
Jun  5 11:08:40 red-1 kernel: i801_smbus 0000:00:1f.4: enabling device (0001 -> 0003)
Jun  5 11:08:40 red-1 kernel: i801_smbus 0000:00:1f.4: SMBus using PCI interrupt
Jun  5 11:08:40 red-1 kernel: ipmi_si IPI0001:00: Found new BMC (man_id: 0x002a7c, prod_id: 0x0987, dev_id: 0x20)
Jun  5 11:08:40 red-1 kernel: ipmi_si IPI0001:00: IPMI kcs interface initialized
Jun  5 11:08:40 red-1 kernel: sd 3:0:0:0: Attached scsi generic sg0 type 0
Jun  5 11:08:40 red-1 kernel: input: PC Speaker as /devices/platform/pcspkr/input/input4
Jun  5 11:08:40 red-1 systemd: Found device INTEL_SSDSC2BB800G7 2.
Jun  5 11:08:40 red-1 systemd: Created slice system-lvm2\x2dpvscan.slice.
Jun  5 11:08:40 red-1 systemd: Starting LVM2 PV scan on device 8:3...
Jun  5 11:08:40 red-1 systemd: Found device INTEL_SSDSC2BB800G7 EFI\x20System\x20Partition.
Jun  5 11:08:40 red-1 kernel: usb-storage 1-4.4:1.0: USB Mass Storage device detected
Jun  5 11:08:40 red-1 kernel: scsi host13: usb-storage 1-4.4:1.0
Jun  5 11:08:40 red-1 kernel: usbcore: registered new interface driver usb-storage
Jun  5 11:08:40 red-1 kernel: usbcore: registered new interface driver uas
Jun  5 11:08:40 red-1 lvm: WARNING: lvmetad is being updated by another command (pid 8312).
Jun  5 11:08:40 red-1 lvm: WARNING: Not using lvmetad because cache update failed.
Jun  5 11:08:40 red-1 lvm: 2 logical volume(s) in volume group "rhel" monitored
Jun  5 11:08:40 red-1 kernel: usbcore: registered new interface driver ftdi_sio
Jun  5 11:08:40 red-1 kernel: usbserial: USB Serial support registered for FTDI USB Serial Device
Jun  5 11:08:40 red-1 kernel: ftdi_sio 1-4.3:1.0: FTDI USB Serial Device converter detected
Jun  5 11:08:40 red-1 kernel: usb 1-4.3: Detected FT232RL
Jun  5 11:08:40 red-1 kernel: cryptd: max_cpu_qlen set to 1000
Jun  5 11:08:40 red-1 kernel: usb 1-4.3: FTDI USB Serial Device converter now attached to ttyUSB0
Jun  5 11:08:40 red-1 kernel: AVX2 version of gcm_enc/dec engaged.
Jun  5 11:08:40 red-1 kernel: AES CTR mode by8 optimization enabled
Jun  5 11:08:40 red-1 kernel: alg: No test for __gcm-aes-aesni (__driver-gcm-aes-aesni)
Jun  5 11:08:40 red-1 kernel: alg: No test for __generic-gcm-aes-aesni (__driver-generic-gcm-aes-aesni)
Jun  5 11:08:40 red-1 systemd: Started Monitoring of LVM2 mirrors, snapshots etc. using dmeventd or progress polling.
Jun  5 11:08:40 red-1 systemd: Reached target Local File Systems (Pre).
Jun  5 11:08:40 red-1 systemd: Mounting /boot...
Jun  5 11:08:40 red-1 kernel: intel_rapl: Found RAPL domain package
Jun  5 11:08:40 red-1 kernel: intel_rapl: Found RAPL domain dram
Jun  5 11:08:40 red-1 kernel: intel_rapl: DRAM domain energy unit 15300pj
Jun  5 11:08:40 red-1 kernel: iTCO_vendor_support: vendor-support=0
Jun  5 11:08:40 red-1 kernel: XFS (sda2): Mounting V5 Filesystem
Jun  5 11:08:40 red-1 kernel: iTCO_wdt: Intel TCO WatchDog Timer Driver v1.11
Jun  5 11:08:40 red-1 kernel: iTCO_wdt: unable to reset NO_REBOOT flag, device disabled by hardware/BIOS
Jun  5 11:08:40 red-1 kernel: EDAC MC0: Giving out device to 'skx_edac.c' 'Skylake Socket#0 IMC#0': DEV 0000:64:0a.0
Jun  5 11:08:40 red-1 kernel: EDAC MC1: Giving out device to 'skx_edac.c' 'Skylake Socket#0 IMC#1': DEV 0000:64:0c.0
Jun  5 11:08:40 red-1 systemd: Found device /dev/mapper/rhel-swap.
Jun  5 11:08:40 red-1 systemd: Activating swap /dev/mapper/rhel-swap...
Jun  5 11:08:40 red-1 systemd: Mounted /boot.
Jun  5 11:08:40 red-1 kernel: XFS (sda2): Ending clean mount
Jun  5 11:08:40 red-1 kernel: Adding 16318460k swap on /dev/mapper/rhel-swap.  Priority:-2 extents:1 across:16318460k SSFS
Jun  5 11:08:40 red-1 systemd: Activated swap /dev/mapper/rhel-swap.
Jun  5 11:08:40 red-1 lvm: 3 logical volume(s) in volume group "rhel" now active
Jun  5 11:08:40 red-1 systemd: Found device /dev/mapper/rhel-home.
Jun  5 11:08:40 red-1 systemd: Mounting /home...
Jun  5 11:08:40 red-1 systemd: Reached target Swap.
Jun  5 11:08:40 red-1 systemd: Mounting /boot/efi...
Jun  5 11:08:40 red-1 kernel: c6xx 0000:b5:00.0: enabling device (0140 -> 0142)
Jun  5 11:08:40 red-1 kernel: XFS (dm-2): Mounting V5 Filesystem
Jun  5 11:08:40 red-1 systemd: Started LVM2 PV scan on device 8:3.
Jun  5 11:08:40 red-1 kernel: XFS (dm-2): Ending clean mount
Jun  5 11:08:40 red-1 systemd: Mounted /home.
Jun  5 11:08:40 red-1 systemd: Mounted /boot/efi.
Jun  5 11:08:40 red-1 systemd: Reached target Local File Systems.
Jun  5 11:08:40 red-1 systemd: Starting Tell Plymouth To Write Out Runtime Data...
Jun  5 11:08:40 red-1 systemd: Starting Import network configuration from initramfs...
Jun  5 11:08:40 red-1 systemd: Started Tell Plymouth To Write Out Runtime Data.
Jun  5 11:08:40 red-1 systemd: Started Import network configuration from initramfs.
Jun  5 11:08:40 red-1 systemd: Starting Create Volatile Files and Directories...
Jun  5 11:08:40 red-1 systemd: Started Create Volatile Files and Directories.
Jun  5 11:08:40 red-1 systemd: Starting Security Auditing Service...
Jun  5 11:08:40 red-1 auditd[9777]: Started dispatcher: /sbin/audispd pid: 9779
Jun  5 11:08:40 red-1 kernel: type=1305 audit(1559747320.626:4): audit_pid=9777 old=0 auid=4294967295 ses=4294967295 subj=system_u:system_r:auditd_t:s0 res=1
Jun  5 11:08:40 red-1 audispd: No plugins found, exiting
Jun  5 11:08:40 red-1 auditd[9777]: Init complete, auditd 2.8.4 listening for events (startup state enable)
Jun  5 11:08:40 red-1 augenrules: /sbin/augenrules: No change
Jun  5 11:08:40 red-1 kernel: c6xx 0000:b5:00.0: qat_dev0 started 8 acceleration engines
Jun  5 11:08:40 red-1 augenrules: No rules
Jun  5 11:08:40 red-1 augenrules: enabled 1
Jun  5 11:08:40 red-1 augenrules: failure 1
Jun  5 11:08:40 red-1 augenrules: pid 9777
Jun  5 11:08:40 red-1 augenrules: rate_limit 0
Jun  5 11:08:40 red-1 augenrules: backlog_limit 8192
Jun  5 11:08:40 red-1 augenrules: lost 0
Jun  5 11:08:40 red-1 augenrules: backlog 0
Jun  5 11:08:40 red-1 augenrules: enabled 1
Jun  5 11:08:40 red-1 augenrules: failure 1
Jun  5 11:08:40 red-1 augenrules: pid 9777
Jun  5 11:08:40 red-1 augenrules: rate_limit 0
Jun  5 11:08:40 red-1 augenrules: backlog_limit 8192
Jun  5 11:08:40 red-1 augenrules: lost 0
Jun  5 11:08:40 red-1 augenrules: backlog 0
Jun  5 11:08:40 red-1 systemd: Started Security Auditing Service.
Jun  5 11:08:40 red-1 systemd: Starting Update UTMP about System Boot/Shutdown...
Jun  5 11:08:40 red-1 systemd: Started Update UTMP about System Boot/Shutdown.
Jun  5 11:08:40 red-1 systemd: Reached target System Initialization.
Jun  5 11:08:40 red-1 systemd: Started Daily Cleanup of Temporary Directories.
Jun  5 11:08:40 red-1 systemd: Reached target Timers.
Jun  5 11:08:40 red-1 systemd: Listening on D-Bus System Message Bus Socket.
Jun  5 11:08:40 red-1 systemd: Reached target Sockets.
Jun  5 11:08:40 red-1 systemd: Started Flexible branding.
Jun  5 11:08:40 red-1 systemd: Reached target Paths.
Jun  5 11:08:40 red-1 systemd: Reached target Basic System.
Jun  5 11:08:40 red-1 systemd: Starting Permit User Sessions...
Jun  5 11:08:40 red-1 systemd: Started irqbalance daemon.
Jun  5 11:08:40 red-1 systemd: Starting Authorization Manager...
Jun  5 11:08:40 red-1 systemd: Starting NTP client/server...
Jun  5 11:08:40 red-1 systemd: Started D-Bus System Message Bus.
Jun  5 11:08:40 red-1 polkitd[9802]: Started polkitd version 0.112
Jun  5 11:08:40 red-1 systemd: Starting Login Service...
Jun  5 11:08:40 red-1 systemd: Starting Ipmievd Daemon...
Jun  5 11:08:40 red-1 systemd: Starting Load CPU microcode update...
Jun  5 11:08:40 red-1 systemd: Started Flexible Branding Service.
Jun  5 11:08:40 red-1 systemd: Starting Dump dmesg to /var/log/dmesg...
Jun  5 11:08:40 red-1 systemd: Started Permit User Sessions.
Jun  5 11:08:40 red-1 systemd: Started Authorization Manager.
Jun  5 11:08:40 red-1 ipmievd: Reading sensors...
Jun  5 11:08:40 red-1 systemd: Starting firewalld - dynamic firewall daemon...
Jun  5 11:08:40 red-1 systemd: Starting Wait for Plymouth Boot Screen to Quit...
Jun  5 11:08:40 red-1 systemd: Starting Terminate Plymouth Boot Screen...
Jun  5 11:08:40 red-1 systemd: Started Command Scheduler.
Jun  5 11:08:40 red-1 chronyd[9825]: chronyd version 3.2 starting (+CMDMON +NTP +REFCLOCK +RTC +PRIVDROP +SCFILTER +SECHASH +SIGND +ASYNCDNS +IPV6 +DEBUG)
